Archive member included to satisfy reference by file (symbol)

.\CortexM3\ARM_GCC_541\Debug\Motion_Detection.a(CyDmac.o)
                              .\CortexM3\ARM_GCC_541\Debug\Cm3Start.o (CyDmacConfigure)
.\CortexM3\ARM_GCC_541\Debug\Motion_Detection.a(CyLib.o)
                              .\CortexM3\ARM_GCC_541\Debug\Cm3Start.o (CyHalt)
.\CortexM3\ARM_GCC_541\Debug\Motion_Detection.a(cyPm.o)
                              .\CortexM3\ARM_GCC_541\Debug\Motion_Detection.a(CyLib.o) (CyPmReadStatus)
.\CortexM3\ARM_GCC_541\Debug\Motion_Detection.a(Red_LED.o)
                              .\CortexM3\ARM_GCC_541\Debug\main.o (Red_LED_Write)
.\CortexM3\ARM_GCC_541\Debug\Motion_Detection.a(Yellow_LED.o)
                              .\CortexM3\ARM_GCC_541\Debug\main.o (Yellow_LED_Write)
.\CortexM3\ARM_GCC_541\Debug\Motion_Detection.a(isr_Button.o)
                              .\CortexM3\ARM_GCC_541\Debug\main.o (isr_Button_StartEx)
.\CortexM3\ARM_GCC_541\Debug\Motion_Detection.a(Green_LED.o)
                              .\CortexM3\ARM_GCC_541\Debug\main.o (Green_LED_Write)
.\CortexM3\ARM_GCC_541\Debug\Motion_Detection.a(WaveDAC8_1.o)
                              .\CortexM3\ARM_GCC_541\Debug\main.o (WaveDAC8_1_Start)
.\CortexM3\ARM_GCC_541\Debug\Motion_Detection.a(UART_1.o)
                              .\CortexM3\ARM_GCC_541\Debug\main.o (UART_1_Start)
.\CortexM3\ARM_GCC_541\Debug\Motion_Detection.a(ADC_DelSig_1.o)
                              .\CortexM3\ARM_GCC_541\Debug\main.o (ADC_DelSig_1_Start)
.\CortexM3\ARM_GCC_541\Debug\Motion_Detection.a(ADC_DelSig_1_INT.o)
                              .\CortexM3\ARM_GCC_541\Debug\Motion_Detection.a(ADC_DelSig_1.o) (ADC_DelSig_1_ISR1)
.\CortexM3\ARM_GCC_541\Debug\Motion_Detection.a(isr_rx.o)
                              .\CortexM3\ARM_GCC_541\Debug\main.o (isr_rx_StartEx)
.\CortexM3\ARM_GCC_541\Debug\Motion_Detection.a(WaveDAC8_1_DacClk.o)
                              .\CortexM3\ARM_GCC_541\Debug\Motion_Detection.a(WaveDAC8_1.o) (WaveDAC8_1_DacClk_Start)
.\CortexM3\ARM_GCC_541\Debug\Motion_Detection.a(WaveDAC8_1_Wave1_DMA_dma.o)
                              .\CortexM3\ARM_GCC_541\Debug\Motion_Detection.a(WaveDAC8_1.o) (WaveDAC8_1_Wave1_DMA_DmaInitialize)
.\CortexM3\ARM_GCC_541\Debug\Motion_Detection.a(WaveDAC8_1_Wave2_DMA_dma.o)
                              .\CortexM3\ARM_GCC_541\Debug\Motion_Detection.a(WaveDAC8_1.o) (WaveDAC8_1_Wave2_DMA_DmaInitialize)
.\CortexM3\ARM_GCC_541\Debug\Motion_Detection.a(WaveDAC8_1_VDAC8.o)
                              .\CortexM3\ARM_GCC_541\Debug\Motion_Detection.a(WaveDAC8_1.o) (WaveDAC8_1_VDAC8_Enable)
.\CortexM3\ARM_GCC_541\Debug\Motion_Detection.a(UART_1_IntClock.o)
                              .\CortexM3\ARM_GCC_541\Debug\Motion_Detection.a(UART_1.o) (UART_1_IntClock_Start)
.\CortexM3\ARM_GCC_541\Debug\Motion_Detection.a(ADC_DelSig_1_AMux.o)
                              .\CortexM3\ARM_GCC_541\Debug\Motion_Detection.a(ADC_DelSig_1.o) (ADC_DelSig_1_AMux_Select)
.\CortexM3\ARM_GCC_541\Debug\Motion_Detection.a(ADC_DelSig_1_Ext_CP_Clk.o)
                              .\CortexM3\ARM_GCC_541\Debug\Motion_Detection.a(ADC_DelSig_1.o) (ADC_DelSig_1_Ext_CP_Clk_SetModeRegister)
.\CortexM3\ARM_GCC_541\Debug\Motion_Detection.a(ADC_DelSig_1_theACLK.o)
                              .\CortexM3\ARM_GCC_541\Debug\Motion_Detection.a(ADC_DelSig_1.o) (ADC_DelSig_1_theACLK_SetModeRegister)
.\CortexM3\ARM_GCC_541\Debug\Motion_Detection.a(CyBootAsmGnu.o)
                              .\CortexM3\ARM_GCC_541\Debug\cyfitter_cfg.o (CyDelayCycles)
.\CortexM3\ARM_GCC_541\Debug\Motion_Detection.a(CyFlash.o)
                              .\CortexM3\ARM_GCC_541\Debug\Motion_Detection.a(cyPm.o) (CyFlash_SetWaitCycles)
.\CortexM3\ARM_GCC_541\Debug\Motion_Detection.a(CySpc.o)
                              .\CortexM3\ARM_GCC_541\Debug\Motion_Detection.a(CyFlash.o) (CySpcStart)
..\..\..\fft_application\fft_application\libfft_application.a(fft_application.o)
                              .\CortexM3\ARM_GCC_541\Debug\main.o (fft_app)
..\..\..\fft_application\fft_application\libfft_application.a(arm_rfft_q31.o)
                              ..\..\..\fft_application\fft_application\libfft_application.a(fft_application.o) (arm_rfft_q31)
..\..\..\fft_application\fft_application\libfft_application.a(arm_rfft_init_q31.o)
                              ..\..\..\fft_application\fft_application\libfft_application.a(fft_application.o) (arm_rfft_init_q31)
..\..\..\fft_application\fft_application\libfft_application.a(arm_cfft_q31.o)
                              ..\..\..\fft_application\fft_application\libfft_application.a(arm_rfft_q31.o) (arm_cfft_q31)
..\..\..\fft_application\fft_application\libfft_application.a(arm_cfft_radix4_q31.o)
                              ..\..\..\fft_application\fft_application\libfft_application.a(arm_cfft_q31.o) (arm_radix4_butterfly_q31)
..\..\..\fft_application\fft_application\libfft_application.a(arm_const_structs.o)
[...]
Memory Configuration

Name             Origin             Length             Attributes
rom              0x00000000         0x00040000         xr
ram              0x1fff8000         0x00010000         xrw
*default*        0x00000000         0xffffffff

Linker script and memory map

LOAD c:/program files (x86)/cypress/psoc creator/4.4/psoc creator/import/gnu/arm/5.4.1/bin/../lib/gcc/arm-none-eabi/5.4.1/armv7-m/crti.o
LOAD c:/program files (x86)/cypress/psoc creator/4.4/psoc creator/import/gnu/arm/5.4.1/bin/../lib/gcc/arm-none-eabi/5.4.1/armv7-m/crtbegin.o
LOAD c:/program files (x86)/cypress/psoc creator/4.4/psoc creator/import/gnu/arm/5.4.1/bin/../lib/gcc/arm-none-eabi/5.4.1/../../../../arm-none-eabi/lib/armv7-m/crt0.o
START GROUP
LOAD .\CortexM3\ARM_GCC_541\Debug\main.o
LOAD .\CortexM3\ARM_GCC_541\Debug\cyfitter_cfg.o
LOAD .\CortexM3\ARM_GCC_541\Debug\cymetadata.o
LOAD .\CortexM3\ARM_GCC_541\Debug\Cm3Start.o
LOAD .\CortexM3\ARM_GCC_541\Debug\Motion_Detection.a
LOAD C:\Program Files (x86)\Cypress\PSoC Creator\4.4\PSoC Creator\psoc\content\cycomponentlibrary\CyComponentLibrary.cylib\CortexM3\ARM_GCC_541\Debug\CyComponentLibrary.a
LOAD ..\..\..\fft_application\fft_application\libfft_application.a
END GROUP
START GROUP
LOAD c:/program files (x86)/cypress/psoc creator/4.4/psoc creator/import/gnu/arm/5.4.1/bin/../lib/gcc/arm-none-eabi/5.4.1/armv7-m\libgcc.a
LOAD c:/program files (x86)/cypress/psoc creator/4.4/psoc creator/import/gnu/arm/5.4.1/bin/../lib/gcc/arm-none-eabi/5.4.1/../../../../arm-none-eabi/lib/armv7-m\libg_nano.a
LOAD c:/program files (x86)/cypress/psoc creator/4.4/psoc creator/import/gnu/arm/5.4.1/bin/../lib/gcc/arm-none-eabi/5.4.1/../../../../arm-none-eabi/lib/armv7-m\libc_nano.a
END GROUP
START GROUP
LOAD c:/program files (x86)/cypress/psoc creator/4.4/psoc creator/import/gnu/arm/5.4.1/bin/../lib/gcc/arm-none-eabi/5.4.1/armv7-m\libgcc.a
LOAD c:/program files (x86)/cypress/psoc creator/4.4/psoc creator/import/gnu/arm/5.4.1/bin/../lib/gcc/arm-none-eabi/5.4.1/../../../../arm-none-eabi/lib/armv7-m\libc_nano.a
END GROUP
LOAD c:/program files (x86)/cypress/psoc creator/4.4/psoc creator/import/gnu/arm/5.4.1/bin/../lib/gcc/arm-none-eabi/5.4.1/armv7-m/crtend.o
LOAD c:/program files (x86)/cypress/psoc creator/4.4/psoc creator/import/gnu/arm/5.4.1/bin/../lib/gcc/arm-none-eabi/5.4.1/armv7-m/crtn.o
START GROUP
LOAD c:/program files (x86)/cypress/psoc creator/4.4/psoc creator/import/gnu/arm/5.4.1/bin/../lib/gcc/arm-none-eabi/5.4.1/armv7-m\libgcc.a
LOAD c:/program files (x86)/cypress/psoc creator/4.4/psoc creator/import/gnu/arm/5.4.1/bin/../lib/gcc/arm-none-eabi/5.4.1/../../../../arm-none-eabi/lib/armv7-m\libc.a
LOAD c:/program files (x86)/cypress/psoc creator/4.4/psoc creator/import/gnu/arm/5.4.1/bin/../lib/gcc/arm-none-eabi/5.4.1/../../../../arm-none-eabi/lib/armv7-m\libnosys.a
END GROUP
                0x00000000                CY_APPL_ORIGIN = 0x0
                0x00000100                CY_FLASH_ROW_SIZE = 0x100
                0x00000020                CY_ECC_ROW_SIZE = 0x20
                0x00000000                CY_EE_IN_BTLDR = 0x0
                0x00000000                CY_APPL_LOADABLE = 0x0
                0x00000800                CY_EE_SIZE = 0x800
                0x00000001                CY_APPL_NUM = 0x1
                0x00000001                CY_APPL_MAX = 0x1
                0x00000040                CY_METADATA_SIZE = 0x40
                0x00000000                CY_APPL_LOADABLE = 0x0
                0x00000000                CY_CHECKSUM_EXCLUDE_SIZE = ALIGN (0x0, CY_FLASH_ROW_SIZE)
                [!provide]                PROVIDE (__cy_heap_start, _end)
                0x00000001                PROVIDE (__cy_region_num, ((__cy_regions_end - __cy_regions) / 0x10))
                0x20008000                PROVIDE (__cy_stack, (ORIGIN (ram) + LENGTH (ram)))
                [!provide]                PROVIDE (__cy_heap_end, (__cy_stack - 0x800))

.cybootloader   0x00000000        0x0
 *(.cybootloader)
                0x00000000                appl1_start = CY_APPL_ORIGIN?CY_APPL_ORIGIN:ALIGN (CY_FLASH_ROW_SIZE)
                0x0001ff00                appl2_start = (appl1_start + ALIGN ((((LENGTH (rom) - appl1_start) - (0x2 * CY_FLASH_ROW_SIZE)) / 0x2), CY_FLASH_ROW_SIZE))
                0x00000000                appl_start = (CY_APPL_NUM == 0x1)?appl1_start:appl2_start
                0x00000000                ecc_offset = ((appl_start / CY_FLASH_ROW_SIZE) * CY_ECC_ROW_SIZE)
                0x00000000                ee_offset = (CY_APPL_LOADABLE && ! (CY_EE_IN_BTLDR))?((CY_EE_SIZE / CY_APPL_MAX) * (CY_APPL_NUM - 0x1)):0x0
                0x00000800                ee_size = (CY_APPL_LOADABLE && ! (CY_EE_IN_BTLDR))?(CY_EE_SIZE / CY_APPL_MAX):CY_EE_SIZE
                [!provide]                PROVIDE (CY_ECC_OFFSET, ecc_offset)

.text           0x00000000     0x2d08
 CREATE_OBJECT_SYMBOLS
                0x00000000                PROVIDE (__cy_interrupt_vector, RomVectors)
 *(.romvectors)
 .romvectors    0x00000000       0x10 .\CortexM3\ARM_GCC_541\Debug\Cm3Start.o
                0x00000000                RomVectors
                0x00000001                ASSERT ((. != __cy_interrupt_vector), No interrupt vector)
                0x00000001                ASSERT (CY_APPL_ORIGIN?(SIZEOF (.cybootloader) <= CY_APPL_ORIGIN):0x1, Wrong image location)
                0x00000010                PROVIDE (__cy_reset, Reset)
 *(.text.Reset)
 .text.Reset    0x00000010       0x18 .\CortexM3\ARM_GCC_541\Debug\Cm3Start.o
                0x00000010                Reset
                0x00000001                ASSERT ((. != __cy_reset), No reset code)
 *(.dma_init)
                0x00000001                ASSERT ((((appl_start + .) <= 0x10000) || 0x1), DMA Init must be within the first 64k of flash)
 *(.text .text.* .gnu.linkonce.t.*)
 .text          0x00000028       0x5c c:/program files (x86)/cypress/psoc creator/4.4/psoc creator/import/gnu/arm/5.4.1/bin/../lib/gcc/arm-none-eabi/5.4.1/armv7-m/crtbegin.o
 .text.isr_button
                0x00000084        0xc .\CortexM3\ARM_GCC_541\Debug\main.o
                0x00000084                isr_button
 .text.isr_rx   0x00000090       0x24 .\CortexM3\ARM_GCC_541\Debug\main.o
                0x00000090                isr_rx
 .text.statemachine
                0x000000b4      0x148 .\CortexM3\ARM_GCC_541\Debug\main.o
                0x000000b4                statemachine
 .text.main     0x000001fc       0x2c .\CortexM3\ARM_GCC_541\Debug\main.o
                0x000001fc                main
 .text.CyClockStartupError
                0x00000228        0x4 .\CortexM3\ARM_GCC_541\Debug\cyfitter_cfg.o
 .text.cfg_write_bytes32
                0x0000022c       0x34 .\CortexM3\ARM_GCC_541\Debug\cyfitter_cfg.o
 .text.AnalogSetDefault
                0x00000260       0x40 .\CortexM3\ARM_GCC_541\Debug\cyfitter_cfg.o
 .text.CYMEMZERO
                0x000002a0        0xc .\CortexM3\ARM_GCC_541\Debug\cyfitter_cfg.o
 .text.CYCONFIGCPY
                0x000002ac        0x8 .\CortexM3\ARM_GCC_541\Debug\cyfitter_cfg.o
 .text.ClockSetup
                0x000002b4      0x10c .\CortexM3\ARM_GCC_541\Debug\cyfitter_cfg.o
 .text.ADC_DelSig_1_AMux_Set
                0x000003c0       0x1c .\CortexM3\ARM_GCC_541\Debug\cyfitter_cfg.o
                0x000003c0                ADC_DelSig_1_AMux_Set
 .text.ADC_DelSig_1_AMux_Unset
                0x000003dc       0x1c .\CortexM3\ARM_GCC_541\Debug\cyfitter_cfg.o
                0x000003dc                ADC_DelSig_1_AMux_Unset
 .text.cyfitter_cfg
                0x000003f8      0x130 .\CortexM3\ARM_GCC_541\Debug\cyfitter_cfg.o
                0x000003f8                cyfitter_cfg
 .text.IntDefaultHandler
                0x00000528       0x10 .\CortexM3\ARM_GCC_541\Debug\Cm3Start.o
                0x00000528                IntDefaultHandler
 .text._sbrk    0x00000538       0x30 .\CortexM3\ARM_GCC_541\Debug\Cm3Start.o
                0x00000538                _sbrk
 .text.Start_c  0x00000568       0x4c .\CortexM3\ARM_GCC_541\Debug\Cm3Start.o
                0x00000568                Start_c
 .text.initialize_psoc
                0x000005b4       0x6c .\CortexM3\ARM_GCC_541\Debug\Cm3Start.o
                0x000005b4                initialize_psoc
 .text.CyDmacConfigure
                0x00000620       0x34 .\CortexM3\ARM_GCC_541\Debug\Motion_Detection.a(CyDmac.o)
                0x00000620                CyDmacConfigure
 .text.CyDmaChEnable
                0x00000654       0x38 .\CortexM3\ARM_GCC_541\Debug\Motion_Detection.a(CyDmac.o)
                0x00000654                CyDmaChEnable
 .text.CyDmaChPriority
                0x0000068c       0x24 .\CortexM3\ARM_GCC_541\Debug\Motion_Detection.a(CyDmac.o)
                0x0000068c                CyDmaChPriority
 .text.CyDmaChSetExtendedAddress
                0x000006b0       0x34 .\CortexM3\ARM_GCC_541\Debug\Motion_Detection.a(CyDmac.o)
                0x000006b0                CyDmaChSetExtendedAddress
 .text.CyDmaChSetInitialTd
                0x000006e4       0x18 .\CortexM3\ARM_GCC_541\Debug\Motion_Detection.a(CyDmac.o)
                0x000006e4                CyDmaChSetInitialTd
 .text.CyDmaChSetConfiguration
                0x000006fc       0x44 .\CortexM3\ARM_GCC_541\Debug\Motion_Detection.a(CyDmac.o)
                0x000006fc                CyDmaChSetConfiguration
 .text.CyDmaTdAllocate
                0x00000740       0x34 .\CortexM3\ARM_GCC_541\Debug\Motion_Detection.a(CyDmac.o)
                0x00000740                CyDmaTdAllocate
 .text.CyDmaTdSetConfiguration
                0x00000774       0x28 .\CortexM3\ARM_GCC_541\Debug\Motion_Detection.a(CyDmac.o)
                0x00000774                CyDmaTdSetConfiguration
 .text.CyDmaTdSetAddress
                0x0000079c       0x1c .\CortexM3\ARM_GCC_541\Debug\Motion_Detection.a(CyDmac.o)
                0x0000079c                CyDmaTdSetAddress
 .text.CyHalt   0x000007b8        0x4 .\CortexM3\ARM_GCC_541\Debug\Motion_Detection.a(CyLib.o)
                0x000007b8                CyHalt
 .text.CyDelayUs
                0x000007bc       0x14 .\CortexM3\ARM_GCC_541\Debug\Motion_Detection.a(CyLib.o)
                0x000007bc                CyDelayUs
 .text.CyIntSetVector
                0x000007d0       0x28 .\CortexM3\ARM_GCC_541\Debug\Motion_Detection.a(CyLib.o)
                0x000007d0                CyIntSetVector
 .text.CyIntSetPriority
                0x000007f8       0x30 .\CortexM3\ARM_GCC_541\Debug\Motion_Detection.a(CyLib.o)
                0x000007f8                CyIntSetPriority
 .text.Red_LED_Write
                0x00000828       0x18 .\CortexM3\ARM_GCC_541\Debug\Motion_Detection.a(Red_LED.o)
                0x00000828                Red_LED_Write
 .text.Yellow_LED_Write
                0x00000840       0x18 .\CortexM3\ARM_GCC_541\Debug\Motion_Detection.a(Yellow_LED.o)
                0x00000840                Yellow_LED_Write
 .text.isr_Button_SetVector
                0x00000858        0xc .\CortexM3\ARM_GCC_541\Debug\Motion_Detection.a(isr_Button.o)
                0x00000858                isr_Button_SetVector
 .text.isr_Button_SetPriority
                0x00000864       0x10 .\CortexM3\ARM_GCC_541\Debug\Motion_Detection.a(isr_Button.o)
                0x00000864                isr_Button_SetPriority
 .text.isr_Button_Enable
                0x00000874        0xc .\CortexM3\ARM_GCC_541\Debug\Motion_Detection.a(isr_Button.o)
                0x00000874                isr_Button_Enable
 .text.isr_Button_Disable
                0x00000880        0xc .\CortexM3\ARM_GCC_541\Debug\Motion_Detection.a(isr_Button.o)
                0x00000880                isr_Button_Disable
 .text.isr_Button_StartEx
                0x0000088c       0x1c .\CortexM3\ARM_GCC_541\Debug\Motion_Detection.a(isr_Button.o)
                0x0000088c                isr_Button_StartEx
 .text.Green_LED_Write
                0x000008a8       0x18 .\CortexM3\ARM_GCC_541\Debug\Motion_Detection.a(Green_LED.o)
                0x000008a8                Green_LED_Write
 .text.WaveDAC8_1_Enable
                0x000008c0       0x28 .\CortexM3\ARM_GCC_541\Debug\Motion_Detection.a(WaveDAC8_1.o)
                0x000008c0                WaveDAC8_1_Enable
 .text.WaveDAC8_1_Wave1Setup
                0x000008e8       0x40 .\CortexM3\ARM_GCC_541\Debug\Motion_Detection.a(WaveDAC8_1.o)
                0x000008e8                WaveDAC8_1_Wave1Setup
 .text.WaveDAC8_1_Wave2Setup
                0x00000928       0x40 .\CortexM3\ARM_GCC_541\Debug\Motion_Detection.a(WaveDAC8_1.o)
                0x00000928                WaveDAC8_1_Wave2Setup
 .text.WaveDAC8_1_Init
                0x00000968       0x40 .\CortexM3\ARM_GCC_541\Debug\Motion_Detection.a(WaveDAC8_1.o)
                0x00000968                WaveDAC8_1_Init
 .text.WaveDAC8_1_Start
                0x000009a8       0x1c .\CortexM3\ARM_GCC_541\Debug\Motion_Detection.a(WaveDAC8_1.o)
                0x000009a8                WaveDAC8_1_Start
 .text.UART_1_Init
                0x000009c4       0x24 .\CortexM3\ARM_GCC_541\Debug\Motion_Detection.a(UART_1.o)
                0x000009c4                UART_1_Init
 .text.UART_1_Enable
                0x000009e8       0x38 .\CortexM3\ARM_GCC_541\Debug\Motion_Detection.a(UART_1.o)
                0x000009e8                UART_1_Enable
 .text.UART_1_Start
                0x00000a20       0x1c .\CortexM3\ARM_GCC_541\Debug\Motion_Detection.a(UART_1.o)
                0x00000a20                UART_1_Start
 .text.UART_1_GetChar
                0x00000a3c       0x2c .\CortexM3\ARM_GCC_541\Debug\Motion_Detection.a(UART_1.o)
                0x00000a3c                UART_1_GetChar
 .text.UART_1_PutChar
                0x00000a68       0x18 .\CortexM3\ARM_GCC_541\Debug\Motion_Detection.a(UART_1.o)
                0x00000a68                UART_1_PutChar
 .text.ADC_DelSig_1_GainCompensation
                0x00000a80       0xe0 .\CortexM3\ARM_GCC_541\Debug\Motion_Detection.a(ADC_DelSig_1.o)
 .text.ADC_DelSig_1_SetDSMRef0Reg
                0x00000b60       0x4c .\CortexM3\ARM_GCC_541\Debug\Motion_Detection.a(ADC_DelSig_1.o)
 .text.ADC_DelSig_1_InitConfig
                0x00000bac      0x338 .\CortexM3\ARM_GCC_541\Debug\Motion_Detection.a(ADC_DelSig_1.o)
 .text.ADC_DelSig_1_Init
                0x00000ee4      0x108 .\CortexM3\ARM_GCC_541\Debug\Motion_Detection.a(ADC_DelSig_1.o)
                0x00000ee4                ADC_DelSig_1_Init
 .text.ADC_DelSig_1_Enable
                0x00000fec       0xd8 .\CortexM3\ARM_GCC_541\Debug\Motion_Detection.a(ADC_DelSig_1.o)
                0x00000fec                ADC_DelSig_1_Enable
 .text.ADC_DelSig_1_Start
                0x000010c4       0x28 .\CortexM3\ARM_GCC_541\Debug\Motion_Detection.a(ADC_DelSig_1.o)
                0x000010c4                ADC_DelSig_1_Start
 .text.ADC_DelSig_1_StartConvert
                0x000010ec       0x10 .\CortexM3\ARM_GCC_541\Debug\Motion_Detection.a(ADC_DelSig_1.o)
                0x000010ec                ADC_DelSig_1_StartConvert
 .text.ADC_DelSig_1_StopConvert
                0x000010fc       0x10 .\CortexM3\ARM_GCC_541\Debug\Motion_Detection.a(ADC_DelSig_1.o)
                0x000010fc                ADC_DelSig_1_StopConvert
 .text.ADC_DelSig_1_IsEndConversion
                0x0000110c       0x30 .\CortexM3\ARM_GCC_541\Debug\Motion_Detection.a(ADC_DelSig_1.o)
                0x0000110c                ADC_DelSig_1_IsEndConversion
 .text.ADC_DelSig_1_GetResult32
                0x0000113c       0x6c .\CortexM3\ARM_GCC_541\Debug\Motion_Detection.a(ADC_DelSig_1.o)
                0x0000113c                ADC_DelSig_1_GetResult32
 .text.ADC_DelSig_1_Read32
                0x000011a8       0x28 .\CortexM3\ARM_GCC_541\Debug\Motion_Detection.a(ADC_DelSig_1.o)
                0x000011a8                ADC_DelSig_1_Read32
 .text.ADC_DelSig_1_ISR1
                0x000011d0        0x4 .\CortexM3\ARM_GCC_541\Debug\Motion_Detection.a(ADC_DelSig_1_INT.o)
                0x000011d0                ADC_DelSig_1_ISR1
 .text.ADC_DelSig_1_ISR2
                0x000011d4        0x4 .\CortexM3\ARM_GCC_541\Debug\Motion_Detection.a(ADC_DelSig_1_INT.o)
                0x000011d4                ADC_DelSig_1_ISR2
 .text.ADC_DelSig_1_ISR3
                0x000011d8        0x4 .\CortexM3\ARM_GCC_541\Debug\Motion_Detection.a(ADC_DelSig_1_INT.o)
                0x000011d8                ADC_DelSig_1_ISR3
 .text.ADC_DelSig_1_ISR4
                0x000011dc        0x4 .\CortexM3\ARM_GCC_541\Debug\Motion_Detection.a(ADC_DelSig_1_INT.o)
                0x000011dc                ADC_DelSig_1_ISR4
 .text.isr_rx_SetVector
                0x000011e0        0xc .\CortexM3\ARM_GCC_541\Debug\Motion_Detection.a(isr_rx.o)
                0x000011e0                isr_rx_SetVector
 .text.isr_rx_SetPriority
                0x000011ec       0x10 .\CortexM3\ARM_GCC_541\Debug\Motion_Detection.a(isr_rx.o)
                0x000011ec                isr_rx_SetPriority
 .text.isr_rx_Enable
                0x000011fc        0xc .\CortexM3\ARM_GCC_541\Debug\Motion_Detection.a(isr_rx.o)
                0x000011fc                isr_rx_Enable
 .text.isr_rx_Disable
                0x00001208        0xc .\CortexM3\ARM_GCC_541\Debug\Motion_Detection.a(isr_rx.o)
                0x00001208                isr_rx_Disable
 .text.isr_rx_StartEx
                0x00001214       0x1c .\CortexM3\ARM_GCC_541\Debug\Motion_Detection.a(isr_rx.o)
                0x00001214                isr_rx_StartEx
 .text.WaveDAC8_1_DacClk_Start
                0x00001230       0x1c .\CortexM3\ARM_GCC_541\Debug\Motion_Detection.a(WaveDAC8_1_DacClk.o)
                0x00001230                WaveDAC8_1_DacClk_Start
 .text.WaveDAC8_1_Wave1_DMA_DmaInitialize
                0x0000124c       0x3c .\CortexM3\ARM_GCC_541\Debug\Motion_Detection.a(WaveDAC8_1_Wave1_DMA_dma.o)
                0x0000124c                WaveDAC8_1_Wave1_DMA_DmaInitialize
 .text.WaveDAC8_1_Wave2_DMA_DmaInitialize
                0x00001288       0x3c .\CortexM3\ARM_GCC_541\Debug\Motion_Detection.a(WaveDAC8_1_Wave2_DMA_dma.o)
                0x00001288                WaveDAC8_1_Wave2_DMA_DmaInitialize
 .text.WaveDAC8_1_VDAC8_Enable
                0x000012c4       0x1c .\CortexM3\ARM_GCC_541\Debug\Motion_Detection.a(WaveDAC8_1_VDAC8.o)
                0x000012c4                WaveDAC8_1_VDAC8_Enable
 .text.WaveDAC8_1_VDAC8_SetSpeed
                0x000012e0       0x1c .\CortexM3\ARM_GCC_541\Debug\Motion_Detection.a(WaveDAC8_1_VDAC8.o)
                0x000012e0                WaveDAC8_1_VDAC8_SetSpeed
 .text.WaveDAC8_1_VDAC8_SetValue
                0x000012fc        0xc .\CortexM3\ARM_GCC_541\Debug\Motion_Detection.a(WaveDAC8_1_VDAC8.o)
                0x000012fc                WaveDAC8_1_VDAC8_SetValue
 .text.WaveDAC8_1_VDAC8_DacTrim
                0x00001308       0x24 .\CortexM3\ARM_GCC_541\Debug\Motion_Detection.a(WaveDAC8_1_VDAC8.o)
                0x00001308                WaveDAC8_1_VDAC8_DacTrim
 .text.WaveDAC8_1_VDAC8_SetRange
                0x0000132c       0x20 .\CortexM3\ARM_GCC_541\Debug\Motion_Detection.a(WaveDAC8_1_VDAC8.o)
                0x0000132c                WaveDAC8_1_VDAC8_SetRange
 .text.WaveDAC8_1_VDAC8_Init
                0x0000134c       0x2c .\CortexM3\ARM_GCC_541\Debug\Motion_Detection.a(WaveDAC8_1_VDAC8.o)
                0x0000134c                WaveDAC8_1_VDAC8_Init
 .text.UART_1_IntClock_Start
                0x00001378       0x1c .\CortexM3\ARM_GCC_541\Debug\Motion_Detection.a(UART_1_IntClock.o)
                0x00001378                UART_1_IntClock_Start
 .text.ADC_DelSig_1_AMux_Start
                0x00001394       0x20 .\CortexM3\ARM_GCC_541\Debug\Motion_Detection.a(ADC_DelSig_1_AMux.o)
                0x00001394                ADC_DelSig_1_AMux_Start
 .text.ADC_DelSig_1_AMux_Select
                0x000013b4       0x18 .\CortexM3\ARM_GCC_541\Debug\Motion_Detection.a(ADC_DelSig_1_AMux.o)
                0x000013b4                ADC_DelSig_1_AMux_Select
 .text.ADC_DelSig_1_Ext_CP_Clk_GetDividerRegister
                0x000013cc        0xc .\CortexM3\ARM_GCC_541\Debug\Motion_Detection.a(ADC_DelSig_1_Ext_CP_Clk.o)
                0x000013cc                ADC_DelSig_1_Ext_CP_Clk_GetDividerRegister
 .text.ADC_DelSig_1_Ext_CP_Clk_SetModeRegister
                0x000013d8       0x14 .\CortexM3\ARM_GCC_541\Debug\Motion_Detection.a(ADC_DelSig_1_Ext_CP_Clk.o)
                0x000013d8                ADC_DelSig_1_Ext_CP_Clk_SetModeRegister
 .text.ADC_DelSig_1_Ext_CP_Clk_GetSourceRegister
                0x000013ec       0x10 .\CortexM3\ARM_GCC_541\Debug\Motion_Detection.a(ADC_DelSig_1_Ext_CP_Clk.o)
                0x000013ec                ADC_DelSig_1_Ext_CP_Clk_GetSourceRegister
 .text.ADC_DelSig_1_Ext_CP_Clk_SetDividerRegister
                0x000013fc       0xd8 .\CortexM3\ARM_GCC_541\Debug\Motion_Detection.a(ADC_DelSig_1_Ext_CP_Clk.o)
                0x000013fc                ADC_DelSig_1_Ext_CP_Clk_SetDividerRegister
 .text.ADC_DelSig_1_theACLK_GetDividerRegister
                0x000014d4        0xc .\CortexM3\ARM_GCC_541\Debug\Motion_Detection.a(ADC_DelSig_1_theACLK.o)
                0x000014d4                ADC_DelSig_1_theACLK_GetDividerRegister
 .text.ADC_DelSig_1_theACLK_SetModeRegister
                0x000014e0       0x14 .\CortexM3\ARM_GCC_541\Debug\Motion_Detection.a(ADC_DelSig_1_theACLK.o)
                0x000014e0                ADC_DelSig_1_theACLK_SetModeRegister
 .text.ADC_DelSig_1_theACLK_GetSourceRegister
                0x000014f4       0x10 .\CortexM3\ARM_GCC_541\Debug\Motion_Detection.a(ADC_DelSig_1_theACLK.o)
                0x000014f4                ADC_DelSig_1_theACLK_GetSourceRegister
 .text.ADC_DelSig_1_theACLK_SetDividerRegister
                0x00001504       0xd8 .\CortexM3\ARM_GCC_541\Debug\Motion_Detection.a(ADC_DelSig_1_theACLK.o)
                0x00001504                ADC_DelSig_1_theACLK_SetDividerRegister
 *fill*         0x000015dc        0x4 
 .text          0x000015e0       0x20 .\CortexM3\ARM_GCC_541\Debug\Motion_Detection.a(CyBootAsmGnu.o)
                0x000015e0                CyDelayCycles
                0x000015f0                CyEnterCriticalSection
                0x000015f8                CyExitCriticalSection
 .text.fft_app  0x00001600       0x44 ..\..\..\fft_application\fft_application\libfft_application.a(fft_application.o)
                0x00001600                fft_app
 .text.arm_split_rfft_q31
                0x00001644      0x21c ..\..\..\fft_application\fft_application\libfft_application.a(arm_rfft_q31.o)
                0x00001644                arm_split_rfft_q31
 .text.arm_split_rifft_q31
                0x00001860      0x1bc ..\..\..\fft_application\fft_application\libfft_application.a(arm_rfft_q31.o)
                0x00001860                arm_split_rifft_q31
 .text.arm_rfft_q31
                0x00001a1c       0x70 ..\..\..\fft_application\fft_application\libfft_application.a(arm_rfft_q31.o)
                0x00001a1c                arm_rfft_q31
 .text.arm_rfft_init_q31
                0x00001a8c       0xf0 ..\..\..\fft_application\fft_application\libfft_application.a(arm_rfft_init_q31.o)
                0x00001a8c                arm_rfft_init_q31
 .text.arm_cfft_radix4by2_q31
                0x00001b7c      0x18c ..\..\..\fft_application\fft_application\libfft_application.a(arm_cfft_q31.o)
                0x00001b7c                arm_cfft_radix4by2_q31
 .text.arm_cfft_radix4by2_inverse_q31
                0x00001d08      0x18c ..\..\..\fft_application\fft_application\libfft_application.a(arm_cfft_q31.o)
                0x00001d08                arm_cfft_radix4by2_inverse_q31
 .text.arm_cfft_q31
                0x00001e94       0xbc ..\..\..\fft_application\fft_application\libfft_application.a(arm_cfft_q31.o)
                0x00001e94                arm_cfft_q31
 .text.arm_radix4_butterfly_q31
                0x00001f50      0x570 ..\..\..\fft_application\fft_application\libfft_application.a(arm_cfft_radix4_q31.o)
                0x00001f50                arm_radix4_butterfly_q31
 .text.arm_radix4_butterfly_inverse_q31
                0x000024c0      0x570 ..\..\..\fft_application\fft_application\libfft_application.a(arm_cfft_radix4_q31.o)
                0x000024c0                arm_radix4_butterfly_inverse_q31
 .text          0x00002a30       0xc0 ..\..\..\fft_application\fft_application\libfft_application.a(arm_bitreversal2.o)
                0x00002a30                arm_bitreversal_32
                0x00002a9a                arm_bitreversal_16
 .text.__errno  0x00002af0        0xc c:/program files (x86)/cypress/psoc creator/4.4/psoc creator/import/gnu/arm/5.4.1/bin/../lib/gcc/arm-none-eabi/5.4.1/../../../../arm-none-eabi/lib/armv7-m\libg_nano.a(lib_a-errno.o)
                0x00002af0                __errno
 .text.__libc_init_array
                0x00002afc       0x4c c:/program files (x86)/cypress/psoc creator/4.4/psoc creator/import/gnu/arm/5.4.1/bin/../lib/gcc/arm-none-eabi/5.4.1/../../../../arm-none-eabi/lib/armv7-m\libg_nano.a(lib_a-init.o)
                0x00002afc                __libc_init_array
 .text.malloc   0x00002b48       0x10 c:/program files (x86)/cypress/psoc creator/4.4/psoc creator/import/gnu/arm/5.4.1/bin/../lib/gcc/arm-none-eabi/5.4.1/../../../../arm-none-eabi/lib/armv7-m\libg_nano.a(lib_a-malloc.o)
                0x00002b48                malloc
 .text.free     0x00002b58       0x10 c:/program files (x86)/cypress/psoc creator/4.4/psoc creator/import/gnu/arm/5.4.1/bin/../lib/gcc/arm-none-eabi/5.4.1/../../../../arm-none-eabi/lib/armv7-m\libg_nano.a(lib_a-malloc.o)
                0x00002b58                free
 .text.memcpy   0x00002b68       0x16 c:/program files (x86)/cypress/psoc creator/4.4/psoc creator/import/gnu/arm/5.4.1/bin/../lib/gcc/arm-none-eabi/5.4.1/../../../../arm-none-eabi/lib/armv7-m\libg_nano.a(lib_a-memcpy-stub.o)
                0x00002b68                memcpy
 .text.memset   0x00002b7e       0x10 c:/program files (x86)/cypress/psoc creator/4.4/psoc creator/import/gnu/arm/5.4.1/bin/../lib/gcc/arm-none-eabi/5.4.1/../../../../arm-none-eabi/lib/armv7-m\libg_nano.a(lib_a-memset.o)
                0x00002b7e                memset
 *fill*         0x00002b8e        0x2 
 .text._free_r  0x00002b90       0x98 c:/program files (x86)/cypress/psoc creator/4.4/psoc creator/import/gnu/arm/5.4.1/bin/../lib/gcc/arm-none-eabi/5.4.1/../../../../arm-none-eabi/lib/armv7-m\libg_nano.a(lib_a-nano-freer.o)
                0x00002b90                _free_r
 .text._malloc_r
                0x00002c28       0xbc c:/program files (x86)/cypress/psoc creator/4.4/psoc creator/import/gnu/arm/5.4.1/bin/../lib/gcc/arm-none-eabi/5.4.1/../../../../arm-none-eabi/lib/armv7-m\libg_nano.a(lib_a-nano-mallocr.o)
                0x00002c28                _malloc_r
 .text._sbrk_r  0x00002ce4       0x20 c:/program files (x86)/cypress/psoc creator/4.4/psoc creator/import/gnu/arm/5.4.1/bin/../lib/gcc/arm-none-eabi/5.4.1/../../../../arm-none-eabi/lib/armv7-m\libg_nano.a(lib_a-sbrkr.o)
                0x00002ce4                _sbrk_r
 .text.__malloc_lock
                0x00002d04        0x2 c:/program files (x86)/cypress/psoc creator/4.4/psoc creator/import/gnu/arm/5.4.1/bin/../lib/gcc/arm-none-eabi/5.4.1/../../../../arm-none-eabi/lib/armv7-m\libg_nano.a(lib_a-mlock.o)
                0x00002d04                __malloc_lock
 .text.__malloc_unlock
                0x00002d06        0x2 c:/program files (x86)/cypress/psoc creator/4.4/psoc creator/import/gnu/arm/5.4.1/bin/../lib/gcc/arm-none-eabi/5.4.1/../../../../arm-none-eabi/lib/armv7-m\libg_nano.a(lib_a-mlock.o)
                0x00002d06                __malloc_unlock
 *(.plt)
 *(.gnu.warning)
 *(.glue_7t)
 .glue_7t       0x00002d08        0x0 linker stubs
 *(.glue_7)
 .glue_7        0x00002d08        0x0 linker stubs
 *(.vfp11_veneer)
 .vfp11_veneer  0x00002d08        0x0 linker stubs
 *(.bootloader)
 *(.ARM.extab* .gnu.linkonce.armextab.*)
 *(.gcc_except_table)

.v4_bx          0x00002d08        0x0
 .v4_bx         0x00002d08        0x0 linker stubs

.iplt           0x00002d08        0x0
 .iplt          0x00002d08        0x0 c:/program files (x86)/cypress/psoc creator/4.4/psoc creator/import/gnu/arm/5.4.1/bin/../lib/gcc/arm-none-eabi/5.4.1/armv7-m/crtbegin.o

.eh_frame_hdr
 *(.eh_frame_hdr)

.eh_frame       0x00002d08        0x4
 *(.eh_frame)
 .eh_frame      0x00002d08        0x0 c:/program files (x86)/cypress/psoc creator/4.4/psoc creator/import/gnu/arm/5.4.1/bin/../lib/gcc/arm-none-eabi/5.4.1/armv7-m/crtbegin.o
 .eh_frame      0x00002d08        0x4 c:/program files (x86)/cypress/psoc creator/4.4/psoc creator/import/gnu/arm/5.4.1/bin/../lib/gcc/arm-none-eabi/5.4.1/armv7-m/crtend.o
                [!provide]                PROVIDE (__exidx_start, .)

.ARM.exidx
 *(.ARM.exidx* .gnu.linkonce.armexidx.*)
                0x00002d0c                __exidx_end = .

.rodata         0x00002d0c    0x20eb4
 *(.rodata .rodata.* .gnu.linkonce.r.*)
 .rodata        0x00002d0c       0x4e .\CortexM3\ARM_GCC_541\Debug\cyfitter_cfg.o
                0x00002d0c                ADC_DelSig_1_AMux__addrTable
                0x00002d14                ADC_DelSig_1_AMux__maskTable
 *fill*         0x00002d5a        0x2 
 .rodata        0x00002d5c     0x1004 .\CortexM3\ARM_GCC_541\Debug\Motion_Detection.a(WaveDAC8_1.o)
                0x00002d5c                WaveDAC8_1_wave1
                0x00003cfc                WaveDAC8_1_wave2
 .rodata.realCoefAQ31
                0x00003d60     0x8000 ..\..\..\fft_application\fft_application\libfft_application.a(arm_rfft_init_q31.o)
                0x00003d60                realCoefAQ31
 .rodata.realCoefBQ31
                0x0000bd60     0x8000 ..\..\..\fft_application\fft_application\libfft_application.a(arm_rfft_init_q31.o)
                0x0000bd60                realCoefBQ31
 .rodata.arm_cfft_sR_q31_len32
                0x00013d60       0x10 ..\..\..\fft_application\fft_application\libfft_application.a(arm_const_structs.o)
                0x00013d60                arm_cfft_sR_q31_len32
 .rodata.arm_cfft_sR_q31_len512
                0x00013d70       0x10 ..\..\..\fft_application\fft_application\libfft_application.a(arm_const_structs.o)
                0x00013d70                arm_cfft_sR_q31_len512
 .rodata.arm_cfft_sR_q31_len16
                0x00013d80       0x10 ..\..\..\fft_application\fft_application\libfft_application.a(arm_const_structs.o)
                0x00013d80                arm_cfft_sR_q31_len16
 .rodata.arm_cfft_sR_q31_len256
                0x00013d90       0x10 ..\..\..\fft_application\fft_application\libfft_application.a(arm_const_structs.o)
                0x00013d90                arm_cfft_sR_q31_len256
 .rodata.arm_cfft_sR_q31_len1024
                0x00013da0       0x10 ..\..\..\fft_application\fft_application\libfft_application.a(arm_const_structs.o)
                0x00013da0                arm_cfft_sR_q31_len1024
 .rodata.arm_cfft_sR_q31_len64
                0x00013db0       0x10 ..\..\..\fft_application\fft_application\libfft_application.a(arm_const_structs.o)
                0x00013db0                arm_cfft_sR_q31_len64
 .rodata.arm_cfft_sR_q31_len128
                0x00013dc0       0x10 ..\..\..\fft_application\fft_application\libfft_application.a(arm_const_structs.o)
                0x00013dc0                arm_cfft_sR_q31_len128
 .rodata.arm_cfft_sR_q31_len2048
                0x00013dd0       0x10 ..\..\..\fft_application\fft_application\libfft_application.a(arm_const_structs.o)
                0x00013dd0                arm_cfft_sR_q31_len2048
 .rodata.arm_cfft_sR_q31_len4096
                0x00013de0       0x10 ..\..\..\fft_application\fft_application\libfft_application.a(arm_const_structs.o)
                0x00013de0                arm_cfft_sR_q31_len4096
 .rodata.armBitRevIndexTable_fixed_128
                0x00013df0       0xe0 ..\..\..\fft_application\fft_application\libfft_application.a(arm_common_tables.o)
                0x00013df0                armBitRevIndexTable_fixed_128
 .rodata.armBitRevIndexTable_fixed_2048
                0x00013ed0      0xf80 ..\..\..\fft_application\fft_application\libfft_application.a(arm_common_tables.o)
                0x00013ed0                armBitRevIndexTable_fixed_2048
 .rodata.twiddleCoef_32_q31
                0x00014e50       0xc0 ..\..\..\fft_application\fft_application\libfft_application.a(arm_common_tables.o)
                0x00014e50                twiddleCoef_32_q31
 .rodata.armBitRevIndexTable_fixed_4096
                0x00014f10     0x1f80 ..\..\..\fft_application\fft_application\libfft_application.a(arm_common_tables.o)
                0x00014f10                armBitRevIndexTable_fixed_4096
 .rodata.armBitRevIndexTable_fixed_1024
                0x00016e90      0x7c0 ..\..\..\fft_application\fft_application\libfft_application.a(arm_common_tables.o)
                0x00016e90                armBitRevIndexTable_fixed_1024
 .rodata.twiddleCoef_1024_q31
                0x00017650     0x1800 ..\..\..\fft_application\fft_application\libfft_application.a(arm_common_tables.o)
                0x00017650                twiddleCoef_1024_q31
 .rodata.twiddleCoef_4096_q31
                0x00018e50     0x6000 ..\..\..\fft_application\fft_application\libfft_application.a(arm_common_tables.o)
                0x00018e50                twiddleCoef_4096_q31
 .rodata.twiddleCoef_16_q31
                0x0001ee50       0x60 ..\..\..\fft_application\fft_application\libfft_application.a(arm_common_tables.o)
                0x0001ee50                twiddleCoef_16_q31
 .rodata.twiddleCoef_64_q31
                0x0001eeb0      0x180 ..\..\..\fft_application\fft_application\libfft_application.a(arm_common_tables.o)
                0x0001eeb0                twiddleCoef_64_q31
 .rodata.twiddleCoef_2048_q31
                0x0001f030     0x3000 ..\..\..\fft_application\fft_application\libfft_application.a(arm_common_tables.o)
                0x0001f030                twiddleCoef_2048_q31
 .rodata.twiddleCoef_256_q31
                0x00022030      0x600 ..\..\..\fft_application\fft_application\libfft_application.a(arm_common_tables.o)
                0x00022030                twiddleCoef_256_q31
 .rodata.twiddleCoef_512_q31
                0x00022630      0xc00 ..\..\..\fft_application\fft_application\libfft_application.a(arm_common_tables.o)
                0x00022630                twiddleCoef_512_q31
 .rodata.armBitRevIndexTable_fixed_512
                0x00023230      0x3c0 ..\..\..\fft_application\fft_application\libfft_application.a(arm_common_tables.o)
                0x00023230                armBitRevIndexTable_fixed_512
 .rodata.armBitRevIndexTable_fixed_16
                0x000235f0       0x18 ..\..\..\fft_application\fft_application\libfft_application.a(arm_common_tables.o)
                0x000235f0                armBitRevIndexTable_fixed_16
 .rodata.armBitRevIndexTable_fixed_32
                0x00023608       0x30 ..\..\..\fft_application\fft_application\libfft_application.a(arm_common_tables.o)
                0x00023608                armBitRevIndexTable_fixed_32
 .rodata.armBitRevIndexTable_fixed_256
                0x00023638      0x1e0 ..\..\..\fft_application\fft_application\libfft_application.a(arm_common_tables.o)
                0x00023638                armBitRevIndexTable_fixed_256
 .rodata.armBitRevIndexTable_fixed_64
                0x00023818       0x70 ..\..\..\fft_application\fft_application\libfft_application.a(arm_common_tables.o)
                0x00023818                armBitRevIndexTable_fixed_64
 .rodata.twiddleCoef_128_q31
                0x00023888      0x300 ..\..\..\fft_application\fft_application\libfft_application.a(arm_common_tables.o)
                0x00023888                twiddleCoef_128_q31
 .rodata.str1.1
                0x00023b88        0x2 c:/program files (x86)/cypress/psoc creator/4.4/psoc creator/import/gnu/arm/5.4.1/bin/../lib/gcc/arm-none-eabi/5.4.1/../../../../arm-none-eabi/lib/armv7-m\libg_nano.a(lib_a-impure.o)
                0x00023b8c                . = ALIGN (0x4)
 *fill*         0x00023b8a        0x2 
 *(.init)
 .init          0x00023b8c        0x4 c:/program files (x86)/cypress/psoc creator/4.4/psoc creator/import/gnu/arm/5.4.1/bin/../lib/gcc/arm-none-eabi/5.4.1/armv7-m/crti.o
                0x00023b8c                _init
 .init          0x00023b90        0x8 c:/program files (x86)/cypress/psoc creator/4.4/psoc creator/import/gnu/arm/5.4.1/bin/../lib/gcc/arm-none-eabi/5.4.1/armv7-m/crtn.o
                0x00023b98                . = ALIGN (0x4)
                0x00023b98                __preinit_array_start = .
 *(.preinit_array)
                0x00023b98                __preinit_array_end = .
                0x00023b98                . = ALIGN (0x4)
                0x00023b98                __init_array_start = .
 *(SORT(.init_array.*))
 *(.init_array)
 .init_array    0x00023b98        0x4 c:/program files (x86)/cypress/psoc creator/4.4/psoc creator/import/gnu/arm/5.4.1/bin/../lib/gcc/arm-none-eabi/5.4.1/armv7-m/crtbegin.o
 .init_array    0x00023b9c        0x4 .\CortexM3\ARM_GCC_541\Debug\Cm3Start.o
                0x00023ba0                __init_array_end = .
                0x00023ba0                . = ALIGN (0x4)
 *(.fini)
 .fini          0x00023ba0        0x4 c:/program files (x86)/cypress/psoc creator/4.4/psoc creator/import/gnu/arm/5.4.1/bin/../lib/gcc/arm-none-eabi/5.4.1/armv7-m/crti.o
                0x00023ba0                _fini
 .fini          0x00023ba4        0x8 c:/program files (x86)/cypress/psoc creator/4.4/psoc creator/import/gnu/arm/5.4.1/bin/../lib/gcc/arm-none-eabi/5.4.1/armv7-m/crtn.o
                0x00023bac                . = ALIGN (0x4)
                0x00023bac                __fini_array_start = .
 *(.fini_array)
 .fini_array    0x00023bac        0x4 c:/program files (x86)/cypress/psoc creator/4.4/psoc creator/import/gnu/arm/5.4.1/bin/../lib/gcc/arm-none-eabi/5.4.1/armv7-m/crtbegin.o
 *(SORT(.fini_array.*))
                0x00023bb0                __fini_array_end = .
                0x00023bb0                . = ALIGN (0x4)
 *crtbegin.o(.ctors)
 *(EXCLUDE_FILE(*crtend.o) .ctors)
 *(SORT(.ctors.*))
 *crtend.o(.ctors)
                0x00023bb0                . = ALIGN (0x4)
 *crtbegin.o(.dtors)
 *(EXCLUDE_FILE(*crtend.o) .dtors)
 *(SORT(.dtors.*))
 *crtend.o(.dtors)
                0x00023bb0                . = ALIGN (0x4)
                0x00023bb0                __cy_regions = .
                0x00023bb0        0x4 LONG 0x23bc0 __cy_region_init_ram
                0x00023bb4        0x4 LONG 0x1fff80c8 __cy_region_start_data
                0x00023bb8        0x4 LONG 0x88 __cy_region_init_size_ram
                0x00023bbc        0x4 LONG 0x2858 __cy_region_zero_size_ram
                0x00023bc0                __cy_regions_end = .
                0x00023bc0                . = ALIGN (0x8)
                0x00023bc0                _etext = .

.cy_checksum_exclude
                0x00023bc0        0x0
 *(.cy_checksum_exclude)

.ramvectors     0x1fff8000       0xc0
                0x1fff8000                __cy_region_start_ram = .
 *(.ramvectors)
 .ramvectors    0x1fff8000       0xc0 .\CortexM3\ARM_GCC_541\Debug\Cm3Start.o
                0x1fff8000                CyRamVectors

.noinit         0x1fff80c0        0x1
 *(.noinit)
 .noinit        0x1fff80c0        0x1 .\CortexM3\ARM_GCC_541\Debug\Motion_Detection.a(CyLib.o)
                0x1fff80c0                CyResetStatus

.data           0x1fff80c8       0x88 load address 0x00023bc0
                0x1fff80c8                __cy_region_start_data = .
 *(.jcr)
 .jcr           0x1fff80c8        0x0 c:/program files (x86)/cypress/psoc creator/4.4/psoc creator/import/gnu/arm/5.4.1/bin/../lib/gcc/arm-none-eabi/5.4.1/armv7-m/crtbegin.o
 .jcr           0x1fff80c8        0x4 c:/program files (x86)/cypress/psoc creator/4.4/psoc creator/import/gnu/arm/5.4.1/bin/../lib/gcc/arm-none-eabi/5.4.1/armv7-m/crtend.o
 *(.got.plt)
 *(.got)
 *(.shdata)
 *(.data .data.* .gnu.linkonce.d.*)
 .data          0x1fff80cc        0x4 .\CortexM3\ARM_GCC_541\Debug\Cm3Start.o
 .data          0x1fff80d0        0x8 .\CortexM3\ARM_GCC_541\Debug\Motion_Detection.a(CyDmac.o)
 .data          0x1fff80d8       0x10 .\CortexM3\ARM_GCC_541\Debug\Motion_Detection.a(CyLib.o)
                0x1fff80d8                cydelay_32k_ms
                0x1fff80dc                cydelay_freq_khz
                0x1fff80e0                cydelay_freq_mhz
                0x1fff80e4                cydelay_freq_hz
 .data          0x1fff80e8        0x1 .\CortexM3\ARM_GCC_541\Debug\Motion_Detection.a(ADC_DelSig_1.o)
                0x1fff80e8                ADC_DelSig_1_Config
 .data          0x1fff80e9        0x1 .\CortexM3\ARM_GCC_541\Debug\Motion_Detection.a(WaveDAC8_1_Wave1_DMA_dma.o)
                0x1fff80e9                WaveDAC8_1_Wave1_DMA_DmaHandle
 .data          0x1fff80ea        0x1 .\CortexM3\ARM_GCC_541\Debug\Motion_Detection.a(WaveDAC8_1_Wave2_DMA_dma.o)
                0x1fff80ea                WaveDAC8_1_Wave2_DMA_DmaHandle
 .data          0x1fff80eb        0x1 .\CortexM3\ARM_GCC_541\Debug\Motion_Detection.a(ADC_DelSig_1_AMux.o)
 .data.impure_data
                0x1fff80ec       0x60 c:/program files (x86)/cypress/psoc creator/4.4/psoc creator/import/gnu/arm/5.4.1/bin/../lib/gcc/arm-none-eabi/5.4.1/../../../../arm-none-eabi/lib/armv7-m\libg_nano.a(lib_a-impure.o)
 .data._impure_ptr
                0x1fff814c        0x4 c:/program files (x86)/cypress/psoc creator/4.4/psoc creator/import/gnu/arm/5.4.1/bin/../lib/gcc/arm-none-eabi/5.4.1/../../../../arm-none-eabi/lib/armv7-m\libg_nano.a(lib_a-impure.o)
                0x1fff814c                _impure_ptr
                0x1fff8150                . = ALIGN (0x8)
 *(.ram)
                0x1fff8150                _edata = .

.igot.plt       0x1fff8150        0x0 load address 0x00023c48
 .igot.plt      0x1fff8150        0x0 c:/program files (x86)/cypress/psoc creator/4.4/psoc creator/import/gnu/arm/5.4.1/bin/../lib/gcc/arm-none-eabi/5.4.1/armv7-m/crtbegin.o

.bss            0x1fff8150     0x2858 load address 0x00023c48
                0x1fff8150                PROVIDE (__bss_start__, .)
 *(.shbss)
 *(.bss .bss.* .gnu.linkonce.b.*)
 .bss           0x1fff8150       0x1c c:/program files (x86)/cypress/psoc creator/4.4/psoc creator/import/gnu/arm/5.4.1/bin/../lib/gcc/arm-none-eabi/5.4.1/armv7-m/crtbegin.o
 .bss           0x1fff816c     0x2808 .\CortexM3\ARM_GCC_541\Debug\main.o
                0x1fff816c                push_button_flag
                0x1fff816d                uart_rx_sflag
                0x1fff816e                uart_rx_oflag
                0x1fff816f                Currentstate
                0x1fff8174                SamplingArray
                0x1fff8974                fft_array
 .bss           0x1fffa974        0x5 .\CortexM3\ARM_GCC_541\Debug\Motion_Detection.a(WaveDAC8_1.o)
                0x1fffa978                WaveDAC8_1_initVar
 .bss           0x1fffa979        0x2 .\CortexM3\ARM_GCC_541\Debug\Motion_Detection.a(UART_1.o)
                0x1fffa979                UART_1_initVar
 *fill*         0x1fffa97b        0x1 
 .bss           0x1fffa97c       0x18 .\CortexM3\ARM_GCC_541\Debug\Motion_Detection.a(ADC_DelSig_1.o)
                0x1fffa98c                ADC_DelSig_1_stopConversion
                0x1fffa98d                ADC_DelSig_1_convDone
                0x1fffa98e                ADC_DelSig_1_initVar
                0x1fffa98f                ADC_DelSig_1_started
                0x1fffa990                ADC_DelSig_1_Offset
 .bss.__malloc_sbrk_start
                0x1fffa994        0x4 c:/program files (x86)/cypress/psoc creator/4.4/psoc creator/import/gnu/arm/5.4.1/bin/../lib/gcc/arm-none-eabi/5.4.1/../../../../arm-none-eabi/lib/armv7-m\libg_nano.a(lib_a-nano-mallocr.o)
                0x1fffa994                __malloc_sbrk_start
 .bss.__malloc_free_list
                0x1fffa998        0x4 c:/program files (x86)/cypress/psoc creator/4.4/psoc creator/import/gnu/arm/5.4.1/bin/../lib/gcc/arm-none-eabi/5.4.1/../../../../arm-none-eabi/lib/armv7-m\libg_nano.a(lib_a-nano-mallocr.o)
                0x1fffa998                __malloc_free_list
 *(COMMON)
 COMMON         0x1fffa99c        0x2 .\CortexM3\ARM_GCC_541\Debug\main.o
                0x1fffa99c                ADC_Output
 *fill*         0x1fffa99e        0x2 
 COMMON         0x1fffa9a0        0x4 .\CortexM3\ARM_GCC_541\Debug\Motion_Detection.a(ADC_DelSig_1.o)
                0x1fffa9a0                ADC_DelSig_1_CountsPerVolt
 COMMON         0x1fffa9a4        0x4 c:/program files (x86)/cypress/psoc creator/4.4/psoc creator/import/gnu/arm/5.4.1/bin/../lib/gcc/arm-none-eabi/5.4.1/../../../../arm-none-eabi/lib/armv7-m\libg_nano.a(lib_a-reent.o)
                0x1fffa9a4                errno
                0x1fffa9a8                . = ALIGN (0x8)
 *(.ram.b)
                0x1fffa9a8                _end = .
                0x1fffa9a8                __end = .
                0x1fffa9a8                PROVIDE (end, .)
                0x1fffa9a8                PROVIDE (__bss_end__, .)
                0x00023bc0                __cy_region_init_ram = LOADADDR (.data)
                0x00000088                __cy_region_init_size_ram = (_edata - ADDR (.data))
                0x00002858                __cy_region_zero_size_ram = (_end - _edata)

.heap           0x1fffa9a8     0x2000 load address 0x00023c48
                0x1fffa9a8                . = _end
                0x1fffc9a8                . = (. + 0x2000)
 *fill*         0x1fffa9a8     0x2000 
                0x1fffc9a8                __cy_heap_limit = .

.stack          0x20007800      0x800
                0x20007800                __cy_stack_limit = .
                0x20008000                . = (. + 0x800)
 *fill*         0x20007800      0x800 
                0x00000001                ASSERT ((__cy_stack_limit >= __cy_heap_limit), region RAM overflowed with stack)
                0x00000000                cy_checksum_exclude_size = (CY_APPL_LOADABLE == 0x1)?SIZEOF (.cy_checksum_exclude):0x0
                0x00000001                ASSERT ((cy_checksum_exclude_size <= CY_CHECKSUM_EXCLUDE_SIZE), CY_BOOT: Section .cy_checksum_exclude size exceedes specified limit.)

.cyloadermeta
 *(.cyloadermeta)

.cyloadablemeta
 *(.cyloadablemeta)

.cyconfigecc    0x80000000      0x4a0
 *(.cyconfigecc)
 .cyconfigecc   0x80000000      0x4a0 .\CortexM3\ARM_GCC_541\Debug\cymetadata.o
                0x80000000                cy_meta_configecc

.cycustnvl      0x90000000        0x4
 *(.cycustnvl)
 .cycustnvl     0x90000000        0x4 .\CortexM3\ARM_GCC_541\Debug\cymetadata.o
                0x90000000                cy_meta_custnvl

.cywolatch      0x90100000        0x4
 *(.cywolatch)
 .cywolatch     0x90100000        0x4 .\CortexM3\ARM_GCC_541\Debug\cymetadata.o
                0x90100000                cy_meta_wonvl

.cyeeprom       0x90200000        0x0
 *(.cyeeprom)
                0x00000001                ASSERT ((. <= ((0x90200000 + ee_offset) + ee_size)), .cyeeprom data will not fit in EEPROM)

.cyflashprotect
                0x90400000      0x100
 *(.cyflashprotect)
 .cyflashprotect
                0x90400000      0x100 .\CortexM3\ARM_GCC_541\Debug\cymetadata.o
                0x90400000                cy_meta_flashprotect

.cymeta         0x90500000        0xc
 *(.cymeta)
 .cymeta        0x90500000        0xc .\CortexM3\ARM_GCC_541\Debug\cymetadata.o
                0x90500000                cy_metadata

.rel.dyn        0x00023c48        0x0 load address 0x9050000c
 .rel.iplt      0x00023c48        0x0 c:/program files (x86)/cypress/psoc creator/4.4/psoc creator/import/gnu/arm/5.4.1/bin/../lib/gcc/arm-none-eabi/5.4.1/armv7-m/crtbegin.o

.stab
 *(.stab)

.stabstr
 *(.stabstr)

.debug
 *(.debug)

.line
 *(.line)

.debug_srcinfo
 *(.debug_srcinfo)

.debug_sfnames
 *(.debug_sfnames)

.debug_aranges  0x00000000      0xe08
 *(.debug_aranges)
 .debug_aranges
                0x00000000       0x38 .\CortexM3\ARM_GCC_541\Debug\main.o
 .debug_aranges
                0x00000038       0x68 .\CortexM3\ARM_GCC_541\Debug\cyfitter_cfg.o
 .debug_aranges
                0x000000a0       0x18 .\CortexM3\ARM_GCC_541\Debug\cymetadata.o
 .debug_aranges
                0x000000b8       0x48 .\CortexM3\ARM_GCC_541\Debug\Cm3Start.o
 .debug_aranges
                0x00000100       0xd8 .\CortexM3\ARM_GCC_541\Debug\Motion_Detection.a(CyDmac.o)
 .debug_aranges
                0x000001d8      0x2a0 .\CortexM3\ARM_GCC_541\Debug\Motion_Detection.a(CyLib.o)
 .debug_aranges
                0x00000478       0x98 .\CortexM3\ARM_GCC_541\Debug\Motion_Detection.a(cyPm.o)
 .debug_aranges
                0x00000510       0x38 .\CortexM3\ARM_GCC_541\Debug\Motion_Detection.a(Red_LED.o)
 .debug_aranges
                0x00000548       0x38 .\CortexM3\ARM_GCC_541\Debug\Motion_Detection.a(Yellow_LED.o)
 .debug_aranges
                0x00000580       0x80 .\CortexM3\ARM_GCC_541\Debug\Motion_Detection.a(isr_Button.o)
 .debug_aranges
                0x00000600       0x38 .\CortexM3\ARM_GCC_541\Debug\Motion_Detection.a(Green_LED.o)
 .debug_aranges
                0x00000638       0x50 .\CortexM3\ARM_GCC_541\Debug\Motion_Detection.a(WaveDAC8_1.o)
 .debug_aranges
                0x00000688       0xf0 .\CortexM3\ARM_GCC_541\Debug\Motion_Detection.a(UART_1.o)
 .debug_aranges
                0x00000778       0xe8 .\CortexM3\ARM_GCC_541\Debug\Motion_Detection.a(ADC_DelSig_1.o)
 .debug_aranges
                0x00000860       0x38 .\CortexM3\ARM_GCC_541\Debug\Motion_Detection.a(ADC_DelSig_1_INT.o)
 .debug_aranges
                0x00000898       0x80 .\CortexM3\ARM_GCC_541\Debug\Motion_Detection.a(isr_rx.o)
 .debug_aranges
                0x00000918       0x70 .\CortexM3\ARM_GCC_541\Debug\Motion_Detection.a(WaveDAC8_1_DacClk.o)
 .debug_aranges
                0x00000988       0x28 .\CortexM3\ARM_GCC_541\Debug\Motion_Detection.a(WaveDAC8_1_Wave1_DMA_dma.o)
 .debug_aranges
                0x000009b0       0x28 .\CortexM3\ARM_GCC_541\Debug\Motion_Detection.a(WaveDAC8_1_Wave2_DMA_dma.o)
 .debug_aranges
                0x000009d8       0x58 .\CortexM3\ARM_GCC_541\Debug\Motion_Detection.a(WaveDAC8_1_VDAC8.o)
 .debug_aranges
                0x00000a30       0x70 .\CortexM3\ARM_GCC_541\Debug\Motion_Detection.a(UART_1_IntClock.o)
 .debug_aranges
                0x00000aa0       0x30 .\CortexM3\ARM_GCC_541\Debug\Motion_Detection.a(ADC_DelSig_1_AMux.o)
 .debug_aranges
                0x00000ad0       0x70 .\CortexM3\ARM_GCC_541\Debug\Motion_Detection.a(ADC_DelSig_1_Ext_CP_Clk.o)
 .debug_aranges
                0x00000b40       0x80 .\CortexM3\ARM_GCC_541\Debug\Motion_Detection.a(ADC_DelSig_1_theACLK.o)
 .debug_aranges
                0x00000bc0       0x20 .\CortexM3\ARM_GCC_541\Debug\Motion_Detection.a(CyBootAsmGnu.o)
 .debug_aranges
                0x00000be0       0x88 .\CortexM3\ARM_GCC_541\Debug\Motion_Detection.a(CyFlash.o)
 .debug_aranges
                0x00000c68       0x80 .\CortexM3\ARM_GCC_541\Debug\Motion_Detection.a(CySpc.o)
 .debug_aranges
                0x00000ce8       0x20 ..\..\..\fft_application\fft_application\libfft_application.a(fft_application.o)
 .debug_aranges
                0x00000d08       0x30 ..\..\..\fft_application\fft_application\libfft_application.a(arm_rfft_q31.o)
 .debug_aranges
                0x00000d38       0x20 ..\..\..\fft_application\fft_application\libfft_application.a(arm_rfft_init_q31.o)
 .debug_aranges
                0x00000d58       0x30 ..\..\..\fft_application\fft_application\libfft_application.a(arm_cfft_q31.o)
 .debug_aranges
                0x00000d88       0x30 ..\..\..\fft_application\fft_application\libfft_application.a(arm_cfft_radix4_q31.o)
 .debug_aranges
                0x00000db8       0x18 ..\..\..\fft_application\fft_application\libfft_application.a(arm_const_structs.o)
 .debug_aranges
                0x00000dd0       0x20 ..\..\..\fft_application\fft_application\libfft_application.a(arm_bitreversal2.o)
 .debug_aranges
                0x00000df0       0x18 ..\..\..\fft_application\fft_application\libfft_application.a(arm_common_tables.o)

.debug_pubnames
 *(.debug_pubnames)

.debug_info     0x00000000     0xa561
 *(.debug_info .gnu.linkonce.wi.*)
 .debug_info    0x00000000      0x4cc .\CortexM3\ARM_GCC_541\Debug\main.o
 .debug_info    0x000004cc      0x6a0 .\CortexM3\ARM_GCC_541\Debug\cyfitter_cfg.o
 .debug_info    0x00000b6c      0x136 .\CortexM3\ARM_GCC_541\Debug\cymetadata.o
 .debug_info    0x00000ca2      0x3cf .\CortexM3\ARM_GCC_541\Debug\Cm3Start.o
 .debug_info    0x00001071      0x94e .\CortexM3\ARM_GCC_541\Debug\Motion_Detection.a(CyDmac.o)
 .debug_info    0x000019bf     0x1374 .\CortexM3\ARM_GCC_541\Debug\Motion_Detection.a(CyLib.o)
 .debug_info    0x00002d33      0xa2a .\CortexM3\ARM_GCC_541\Debug\Motion_Detection.a(cyPm.o)
 .debug_info    0x0000375d      0x11f .\CortexM3\ARM_GCC_541\Debug\Motion_Detection.a(Red_LED.o)
 .debug_info    0x0000387c      0x11f .\CortexM3\ARM_GCC_541\Debug\Motion_Detection.a(Yellow_LED.o)
 .debug_info    0x0000399b      0x2d2 .\CortexM3\ARM_GCC_541\Debug\Motion_Detection.a(isr_Button.o)
 .debug_info    0x00003c6d      0x11f .\CortexM3\ARM_GCC_541\Debug\Motion_Detection.a(Green_LED.o)
 .debug_info    0x00003d8c      0x519 .\CortexM3\ARM_GCC_541\Debug\Motion_Detection.a(WaveDAC8_1.o)
 .debug_info    0x000042a5      0x60c .\CortexM3\ARM_GCC_541\Debug\Motion_Detection.a(UART_1.o)
 .debug_info    0x000048b1      0xbed .\CortexM3\ARM_GCC_541\Debug\Motion_Detection.a(ADC_DelSig_1.o)
 .debug_info    0x0000549e       0xd3 .\CortexM3\ARM_GCC_541\Debug\Motion_Detection.a(ADC_DelSig_1_INT.o)
 .debug_info    0x00005571      0x2d2 .\CortexM3\ARM_GCC_541\Debug\Motion_Detection.a(isr_rx.o)
 .debug_info    0x00005843      0x283 .\CortexM3\ARM_GCC_541\Debug\Motion_Detection.a(WaveDAC8_1_DacClk.o)
 .debug_info    0x00005ac6      0x1aa .\CortexM3\ARM_GCC_541\Debug\Motion_Detection.a(WaveDAC8_1_Wave1_DMA_dma.o)
 .debug_info    0x00005c70      0x1a7 .\CortexM3\ARM_GCC_541\Debug\Motion_Detection.a(WaveDAC8_1_Wave2_DMA_dma.o)
 .debug_info    0x00005e17      0x1de .\CortexM3\ARM_GCC_541\Debug\Motion_Detection.a(WaveDAC8_1_VDAC8.o)
 .debug_info    0x00005ff5      0x283 .\CortexM3\ARM_GCC_541\Debug\Motion_Detection.a(UART_1_IntClock.o)
 .debug_info    0x00006278      0x165 .\CortexM3\ARM_GCC_541\Debug\Motion_Detection.a(ADC_DelSig_1_AMux.o)
 .debug_info    0x000063dd      0x283 .\CortexM3\ARM_GCC_541\Debug\Motion_Detection.a(ADC_DelSig_1_Ext_CP_Clk.o)
 .debug_info    0x00006660      0x2c4 .\CortexM3\ARM_GCC_541\Debug\Motion_Detection.a(ADC_DelSig_1_theACLK.o)
 .debug_info    0x00006924       0xb2 .\CortexM3\ARM_GCC_541\Debug\Motion_Detection.a(CyBootAsmGnu.o)
 .debug_info    0x000069d6      0x64d .\CortexM3\ARM_GCC_541\Debug\Motion_Detection.a(CyFlash.o)
 .debug_info    0x00007023      0x550 .\CortexM3\ARM_GCC_541\Debug\Motion_Detection.a(CySpc.o)
 .debug_info    0x00007573      0x36c ..\..\..\fft_application\fft_application\libfft_application.a(fft_application.o)
 .debug_info    0x000078df      0x4f7 ..\..\..\fft_application\fft_application\libfft_application.a(arm_rfft_q31.o)
 .debug_info    0x00007dd6      0x327 ..\..\..\fft_application\fft_application\libfft_application.a(arm_rfft_init_q31.o)
 .debug_info    0x000080fd      0x4a3 ..\..\..\fft_application\fft_application\libfft_application.a(arm_cfft_q31.o)
 .debug_info    0x000085a0      0x815 ..\..\..\fft_application\fft_application\libfft_application.a(arm_cfft_radix4_q31.o)
 .debug_info    0x00008db5      0xd8a ..\..\..\fft_application\fft_application\libfft_application.a(arm_const_structs.o)
 .debug_info    0x00009b3f       0xac ..\..\..\fft_application\fft_application\libfft_application.a(arm_bitreversal2.o)
 .debug_info    0x00009beb      0x976 ..\..\..\fft_application\fft_application\libfft_application.a(arm_common_tables.o)

.debug_abbrev   0x00000000     0x27ba
 *(.debug_abbrev)
 .debug_abbrev  0x00000000      0x181 .\CortexM3\ARM_GCC_541\Debug\main.o
 .debug_abbrev  0x00000181      0x22d .\CortexM3\ARM_GCC_541\Debug\cyfitter_cfg.o
 .debug_abbrev  0x000003ae       0x77 .\CortexM3\ARM_GCC_541\Debug\cymetadata.o
 .debug_abbrev  0x00000425      0x1e8 .\CortexM3\ARM_GCC_541\Debug\Cm3Start.o
 .debug_abbrev  0x0000060d      0x1b2 .\CortexM3\ARM_GCC_541\Debug\Motion_Detection.a(CyDmac.o)
 .debug_abbrev  0x000007bf      0x254 .\CortexM3\ARM_GCC_541\Debug\Motion_Detection.a(CyLib.o)
 .debug_abbrev  0x00000a13      0x1ab .\CortexM3\ARM_GCC_541\Debug\Motion_Detection.a(cyPm.o)
 .debug_abbrev  0x00000bbe       0x90 .\CortexM3\ARM_GCC_541\Debug\Motion_Detection.a(Red_LED.o)
 .debug_abbrev  0x00000c4e       0x90 .\CortexM3\ARM_GCC_541\Debug\Motion_Detection.a(Yellow_LED.o)
 .debug_abbrev  0x00000cde      0x173 .\CortexM3\ARM_GCC_541\Debug\Motion_Detection.a(isr_Button.o)
 .debug_abbrev  0x00000e51       0x90 .\CortexM3\ARM_GCC_541\Debug\Motion_Detection.a(Green_LED.o)
 .debug_abbrev  0x00000ee1      0x114 .\CortexM3\ARM_GCC_541\Debug\Motion_Detection.a(WaveDAC8_1.o)
 .debug_abbrev  0x00000ff5      0x175 .\CortexM3\ARM_GCC_541\Debug\Motion_Detection.a(UART_1.o)
 .debug_abbrev  0x0000116a      0x1eb .\CortexM3\ARM_GCC_541\Debug\Motion_Detection.a(ADC_DelSig_1.o)
 .debug_abbrev  0x00001355       0x42 .\CortexM3\ARM_GCC_541\Debug\Motion_Detection.a(ADC_DelSig_1_INT.o)
 .debug_abbrev  0x00001397      0x173 .\CortexM3\ARM_GCC_541\Debug\Motion_Detection.a(isr_rx.o)
 .debug_abbrev  0x0000150a      0x139 .\CortexM3\ARM_GCC_541\Debug\Motion_Detection.a(WaveDAC8_1_DacClk.o)
 .debug_abbrev  0x00001643       0xcd .\CortexM3\ARM_GCC_541\Debug\Motion_Detection.a(WaveDAC8_1_Wave1_DMA_dma.o)
 .debug_abbrev  0x00001710       0xcd .\CortexM3\ARM_GCC_541\Debug\Motion_Detection.a(WaveDAC8_1_Wave2_DMA_dma.o)
 .debug_abbrev  0x000017dd       0xf7 .\CortexM3\ARM_GCC_541\Debug\Motion_Detection.a(WaveDAC8_1_VDAC8.o)
 .debug_abbrev  0x000018d4      0x139 .\CortexM3\ARM_GCC_541\Debug\Motion_Detection.a(UART_1_IntClock.o)
 .debug_abbrev  0x00001a0d       0xb1 .\CortexM3\ARM_GCC_541\Debug\Motion_Detection.a(ADC_DelSig_1_AMux.o)
 .debug_abbrev  0x00001abe      0x139 .\CortexM3\ARM_GCC_541\Debug\Motion_Detection.a(ADC_DelSig_1_Ext_CP_Clk.o)
 .debug_abbrev  0x00001bf7      0x121 .\CortexM3\ARM_GCC_541\Debug\Motion_Detection.a(ADC_DelSig_1_theACLK.o)
 .debug_abbrev  0x00001d18       0x14 .\CortexM3\ARM_GCC_541\Debug\Motion_Detection.a(CyBootAsmGnu.o)
 .debug_abbrev  0x00001d2c      0x1a7 .\CortexM3\ARM_GCC_541\Debug\Motion_Detection.a(CyFlash.o)
 .debug_abbrev  0x00001ed3      0x194 .\CortexM3\ARM_GCC_541\Debug\Motion_Detection.a(CySpc.o)
 .debug_abbrev  0x00002067      0x15d ..\..\..\fft_application\fft_application\libfft_application.a(fft_application.o)
 .debug_abbrev  0x000021c4      0x128 ..\..\..\fft_application\fft_application\libfft_application.a(arm_rfft_q31.o)
 .debug_abbrev  0x000022ec      0x12e ..\..\..\fft_application\fft_application\libfft_application.a(arm_rfft_init_q31.o)
 .debug_abbrev  0x0000241a       0xfb ..\..\..\fft_application\fft_application\libfft_application.a(arm_cfft_q31.o)
 .debug_abbrev  0x00002515      0x142 ..\..\..\fft_application\fft_application\libfft_application.a(arm_cfft_radix4_q31.o)
 .debug_abbrev  0x00002657       0xcb ..\..\..\fft_application\fft_application\libfft_application.a(arm_const_structs.o)
 .debug_abbrev  0x00002722       0x14 ..\..\..\fft_application\fft_application\libfft_application.a(arm_bitreversal2.o)
 .debug_abbrev  0x00002736       0x84 ..\..\..\fft_application\fft_application\libfft_application.a(arm_common_tables.o)

.debug_line     0x00000000     0x45a8
 *(.debug_line)
 .debug_line    0x00000000      0x2f4 .\CortexM3\ARM_GCC_541\Debug\main.o
 .debug_line    0x000002f4      0x227 .\CortexM3\ARM_GCC_541\Debug\cyfitter_cfg.o
 .debug_line    0x0000051b      0x141 .\CortexM3\ARM_GCC_541\Debug\cymetadata.o
 .debug_line    0x0000065c      0x241 .\CortexM3\ARM_GCC_541\Debug\Cm3Start.o
 .debug_line    0x0000089d      0x2e4 .\CortexM3\ARM_GCC_541\Debug\Motion_Detection.a(CyDmac.o)
 .debug_line    0x00000b81      0x816 .\CortexM3\ARM_GCC_541\Debug\Motion_Detection.a(CyLib.o)
 .debug_line    0x00001397      0x367 .\CortexM3\ARM_GCC_541\Debug\Motion_Detection.a(cyPm.o)
 .debug_line    0x000016fe       0x94 .\CortexM3\ARM_GCC_541\Debug\Motion_Detection.a(Red_LED.o)
 .debug_line    0x00001792       0x97 .\CortexM3\ARM_GCC_541\Debug\Motion_Detection.a(Yellow_LED.o)
 .debug_line    0x00001829      0x137 .\CortexM3\ARM_GCC_541\Debug\Motion_Detection.a(isr_Button.o)
 .debug_line    0x00001960       0x96 .\CortexM3\ARM_GCC_541\Debug\Motion_Detection.a(Green_LED.o)
 .debug_line    0x000019f6      0x160 .\CortexM3\ARM_GCC_541\Debug\Motion_Detection.a(WaveDAC8_1.o)
 .debug_line    0x00001b56      0x2c0 .\CortexM3\ARM_GCC_541\Debug\Motion_Detection.a(UART_1.o)
 .debug_line    0x00001e16      0x3ee .\CortexM3\ARM_GCC_541\Debug\Motion_Detection.a(ADC_DelSig_1.o)
 .debug_line    0x00002204       0x89 .\CortexM3\ARM_GCC_541\Debug\Motion_Detection.a(ADC_DelSig_1_INT.o)
 .debug_line    0x0000228d      0x133 .\CortexM3\ARM_GCC_541\Debug\Motion_Detection.a(isr_rx.o)
 .debug_line    0x000023c0      0x180 .\CortexM3\ARM_GCC_541\Debug\Motion_Detection.a(WaveDAC8_1_DacClk.o)
 .debug_line    0x00002540       0x91 .\CortexM3\ARM_GCC_541\Debug\Motion_Detection.a(WaveDAC8_1_Wave1_DMA_dma.o)
 .debug_line    0x000025d1       0x91 .\CortexM3\ARM_GCC_541\Debug\Motion_Detection.a(WaveDAC8_1_Wave2_DMA_dma.o)
 .debug_line    0x00002662       0xec .\CortexM3\ARM_GCC_541\Debug\Motion_Detection.a(WaveDAC8_1_VDAC8.o)
 .debug_line    0x0000274e      0x17e .\CortexM3\ARM_GCC_541\Debug\Motion_Detection.a(UART_1_IntClock.o)
 .debug_line    0x000028cc       0xb5 .\CortexM3\ARM_GCC_541\Debug\Motion_Detection.a(ADC_DelSig_1_AMux.o)
 .debug_line    0x00002981      0x186 .\CortexM3\ARM_GCC_541\Debug\Motion_Detection.a(ADC_DelSig_1_Ext_CP_Clk.o)
 .debug_line    0x00002b07      0x1a6 .\CortexM3\ARM_GCC_541\Debug\Motion_Detection.a(ADC_DelSig_1_theACLK.o)
 .debug_line    0x00002cad       0x66 .\CortexM3\ARM_GCC_541\Debug\Motion_Detection.a(CyBootAsmGnu.o)
 .debug_line    0x00002d13      0x21a .\CortexM3\ARM_GCC_541\Debug\Motion_Detection.a(CyFlash.o)
 .debug_line    0x00002f2d      0x260 .\CortexM3\ARM_GCC_541\Debug\Motion_Detection.a(CySpc.o)
 .debug_line    0x0000318d      0x22f ..\..\..\fft_application\fft_application\libfft_application.a(fft_application.o)
 .debug_line    0x000033bc      0x1ff ..\..\..\fft_application\fft_application\libfft_application.a(arm_rfft_q31.o)
 .debug_line    0x000035bb      0x1dd ..\..\..\fft_application\fft_application\libfft_application.a(arm_rfft_init_q31.o)
 .debug_line    0x00003798      0x2f5 ..\..\..\fft_application\fft_application\libfft_application.a(arm_cfft_q31.o)
 .debug_line    0x00003a8d      0x792 ..\..\..\fft_application\fft_application\libfft_application.a(arm_cfft_radix4_q31.o)
 .debug_line    0x0000421f      0x17c ..\..\..\fft_application\fft_application\libfft_application.a(arm_const_structs.o)
 .debug_line    0x0000439b       0xa8 ..\..\..\fft_application\fft_application\libfft_application.a(arm_bitreversal2.o)
 .debug_line    0x00004443      0x165 ..\..\..\fft_application\fft_application\libfft_application.a(arm_common_tables.o)

.debug_frame    0x00000000     0x2324
 *(.debug_frame)
 .debug_frame   0x00000000       0x78 .\CortexM3\ARM_GCC_541\Debug\main.o
 .debug_frame   0x00000078      0x104 .\CortexM3\ARM_GCC_541\Debug\cyfitter_cfg.o
 .debug_frame   0x0000017c       0xb8 .\CortexM3\ARM_GCC_541\Debug\Cm3Start.o
 .debug_frame   0x00000234      0x1f8 .\CortexM3\ARM_GCC_541\Debug\Motion_Detection.a(CyDmac.o)
 .debug_frame   0x0000042c      0x738 .\CortexM3\ARM_GCC_541\Debug\Motion_Detection.a(CyLib.o)
 .debug_frame   0x00000b64      0x1f8 .\CortexM3\ARM_GCC_541\Debug\Motion_Detection.a(cyPm.o)
 .debug_frame   0x00000d5c       0x50 .\CortexM3\ARM_GCC_541\Debug\Motion_Detection.a(Red_LED.o)
 .debug_frame   0x00000dac       0x50 .\CortexM3\ARM_GCC_541\Debug\Motion_Detection.a(Yellow_LED.o)
 .debug_frame   0x00000dfc      0x104 .\CortexM3\ARM_GCC_541\Debug\Motion_Detection.a(isr_Button.o)
 .debug_frame   0x00000f00       0x50 .\CortexM3\ARM_GCC_541\Debug\Motion_Detection.a(Green_LED.o)
 .debug_frame   0x00000f50       0xe0 .\CortexM3\ARM_GCC_541\Debug\Motion_Detection.a(WaveDAC8_1.o)
 .debug_frame   0x00001030      0x250 .\CortexM3\ARM_GCC_541\Debug\Motion_Detection.a(UART_1.o)
 .debug_frame   0x00001280      0x284 .\CortexM3\ARM_GCC_541\Debug\Motion_Detection.a(ADC_DelSig_1.o)
 .debug_frame   0x00001504       0x50 .\CortexM3\ARM_GCC_541\Debug\Motion_Detection.a(ADC_DelSig_1_INT.o)
 .debug_frame   0x00001554      0x104 .\CortexM3\ARM_GCC_541\Debug\Motion_Detection.a(isr_rx.o)
 .debug_frame   0x00001658       0xe0 .\CortexM3\ARM_GCC_541\Debug\Motion_Detection.a(WaveDAC8_1_DacClk.o)
 .debug_frame   0x00001738       0x54 .\CortexM3\ARM_GCC_541\Debug\Motion_Detection.a(WaveDAC8_1_Wave1_DMA_dma.o)
 .debug_frame   0x0000178c       0x54 .\CortexM3\ARM_GCC_541\Debug\Motion_Detection.a(WaveDAC8_1_Wave2_DMA_dma.o)
 .debug_frame   0x000017e0       0xb4 .\CortexM3\ARM_GCC_541\Debug\Motion_Detection.a(WaveDAC8_1_VDAC8.o)
 .debug_frame   0x00001894       0xe0 .\CortexM3\ARM_GCC_541\Debug\Motion_Detection.a(UART_1_IntClock.o)
 .debug_frame   0x00001974       0x64 .\CortexM3\ARM_GCC_541\Debug\Motion_Detection.a(ADC_DelSig_1_AMux.o)
 .debug_frame   0x000019d8       0xe0 .\CortexM3\ARM_GCC_541\Debug\Motion_Detection.a(ADC_DelSig_1_Ext_CP_Clk.o)
 .debug_frame   0x00001ab8      0x100 .\CortexM3\ARM_GCC_541\Debug\Motion_Detection.a(ADC_DelSig_1_theACLK.o)
 .debug_frame   0x00001bb8      0x194 .\CortexM3\ARM_GCC_541\Debug\Motion_Detection.a(CyFlash.o)
 .debug_frame   0x00001d4c      0x180 .\CortexM3\ARM_GCC_541\Debug\Motion_Detection.a(CySpc.o)
 .debug_frame   0x00001ecc       0x38 ..\..\..\fft_application\fft_application\libfft_application.a(fft_application.o)
 .debug_frame   0x00001f04       0xac ..\..\..\fft_application\fft_application\libfft_application.a(arm_rfft_q31.o)
 .debug_frame   0x00001fb0       0x2c ..\..\..\fft_application\fft_application\libfft_application.a(arm_rfft_init_q31.o)
 .debug_frame   0x00001fdc       0xa0 ..\..\..\fft_application\fft_application\libfft_application.a(arm_cfft_q31.o)
 .debug_frame   0x0000207c       0xa0 ..\..\..\fft_application\fft_application\libfft_application.a(arm_cfft_radix4_q31.o)
 .debug_frame   0x0000211c       0x20 c:/program files (x86)/cypress/psoc creator/4.4/psoc creator/import/gnu/arm/5.4.1/bin/../lib/gcc/arm-none-eabi/5.4.1/../../../../arm-none-eabi/lib/armv7-m\libg_nano.a(lib_a-errno.o)
 .debug_frame   0x0000213c       0x28 c:/program files (x86)/cypress/psoc creator/4.4/psoc creator/import/gnu/arm/5.4.1/bin/../lib/gcc/arm-none-eabi/5.4.1/../../../../arm-none-eabi/lib/armv7-m\libg_nano.a(lib_a-exit.o)
 .debug_frame   0x00002164       0x2c c:/program files (x86)/cypress/psoc creator/4.4/psoc creator/import/gnu/arm/5.4.1/bin/../lib/gcc/arm-none-eabi/5.4.1/../../../../arm-none-eabi/lib/armv7-m\libg_nano.a(lib_a-init.o)
 .debug_frame   0x00002190       0x30 c:/program files (x86)/cypress/psoc creator/4.4/psoc creator/import/gnu/arm/5.4.1/bin/../lib/gcc/arm-none-eabi/5.4.1/../../../../arm-none-eabi/lib/armv7-m\libg_nano.a(lib_a-malloc.o)
 .debug_frame   0x000021c0       0x28 c:/program files (x86)/cypress/psoc creator/4.4/psoc creator/import/gnu/arm/5.4.1/bin/../lib/gcc/arm-none-eabi/5.4.1/../../../../arm-none-eabi/lib/armv7-m\libg_nano.a(lib_a-memcpy-stub.o)
 .debug_frame   0x000021e8       0x20 c:/program files (x86)/cypress/psoc creator/4.4/psoc creator/import/gnu/arm/5.4.1/bin/../lib/gcc/arm-none-eabi/5.4.1/../../../../arm-none-eabi/lib/armv7-m\libg_nano.a(lib_a-memset.o)
 .debug_frame   0x00002208       0x38 c:/program files (x86)/cypress/psoc creator/4.4/psoc creator/import/gnu/arm/5.4.1/bin/../lib/gcc/arm-none-eabi/5.4.1/../../../../arm-none-eabi/lib/armv7-m\libg_nano.a(lib_a-nano-freer.o)
 .debug_frame   0x00002240       0x2c c:/program files (x86)/cypress/psoc creator/4.4/psoc creator/import/gnu/arm/5.4.1/bin/../lib/gcc/arm-none-eabi/5.4.1/../../../../arm-none-eabi/lib/armv7-m\libg_nano.a(lib_a-nano-mallocr.o)
 .debug_frame   0x0000226c       0x2c c:/program files (x86)/cypress/psoc creator/4.4/psoc creator/import/gnu/arm/5.4.1/bin/../lib/gcc/arm-none-eabi/5.4.1/../../../../arm-none-eabi/lib/armv7-m\libg_nano.a(lib_a-sbrkr.o)
 .debug_frame   0x00002298       0x30 c:/program files (x86)/cypress/psoc creator/4.4/psoc creator/import/gnu/arm/5.4.1/bin/../lib/gcc/arm-none-eabi/5.4.1/../../../../arm-none-eabi/lib/armv7-m\libg_nano.a(lib_a-mlock.o)
 .debug_frame   0x000022c8       0x5c c:/program files (x86)/cypress/psoc creator/4.4/psoc creator/import/gnu/arm/5.4.1/bin/../lib/gcc/arm-none-eabi/5.4.1/../../../../arm-none-eabi/lib/armv7-m\libg_nano.a(lib_a-reent.o)

.debug_str      0x00000000     0x3eca
 *(.debug_str)
 .debug_str     0x00000000      0x33d .\CortexM3\ARM_GCC_541\Debug\main.o
                                0x3a8 (size before relaxing)
 .debug_str     0x0000033d      0x220 .\CortexM3\ARM_GCC_541\Debug\cyfitter_cfg.o
                                0x3d6 (size before relaxing)
 .debug_str     0x0000055d       0x75 .\CortexM3\ARM_GCC_541\Debug\cymetadata.o
                                0x206 (size before relaxing)
 .debug_str     0x000005d2      0x154 .\CortexM3\ARM_GCC_541\Debug\Cm3Start.o
                                0x33c (size before relaxing)
 .debug_str     0x00000726      0x384 .\CortexM3\ARM_GCC_541\Debug\Motion_Detection.a(CyDmac.o)
                                0x56c (size before relaxing)
 .debug_str     0x00000aaa      0x7f9 .\CortexM3\ARM_GCC_541\Debug\Motion_Detection.a(CyLib.o)
                                0xa69 (size before relaxing)
 .debug_str     0x000012a3      0x365 .\CortexM3\ARM_GCC_541\Debug\Motion_Detection.a(cyPm.o)
                                0x755 (size before relaxing)
 .debug_str     0x00001608       0x62 .\CortexM3\ARM_GCC_541\Debug\Motion_Detection.a(Red_LED.o)
                                0x20e (size before relaxing)
 .debug_str     0x0000166a       0x63 .\CortexM3\ARM_GCC_541\Debug\Motion_Detection.a(Yellow_LED.o)
                                0x21d (size before relaxing)
 .debug_str     0x000016cd      0x119 .\CortexM3\ARM_GCC_541\Debug\Motion_Detection.a(isr_Button.o)
                                0x30e (size before relaxing)
 .debug_str     0x000017e6       0x5f .\CortexM3\ARM_GCC_541\Debug\Motion_Detection.a(Green_LED.o)
                                0x218 (size before relaxing)
 .debug_str     0x00001845      0x25e .\CortexM3\ARM_GCC_541\Debug\Motion_Detection.a(WaveDAC8_1.o)
                                0x48b (size before relaxing)
 .debug_str     0x00001aa3      0x2ba .\CortexM3\ARM_GCC_541\Debug\Motion_Detection.a(UART_1.o)
                                0x4d5 (size before relaxing)
 .debug_str     0x00001d5d      0x49d .\CortexM3\ARM_GCC_541\Debug\Motion_Detection.a(ADC_DelSig_1.o)
                                0x75c (size before relaxing)
 .debug_str     0x000021fa       0x72 .\CortexM3\ARM_GCC_541\Debug\Motion_Detection.a(ADC_DelSig_1_INT.o)
                                0x20f (size before relaxing)
 .debug_str     0x0000226c       0xe5 .\CortexM3\ARM_GCC_541\Debug\Motion_Detection.a(isr_rx.o)
                                0x2d6 (size before relaxing)
 .debug_str     0x00002351      0x1a3 .\CortexM3\ARM_GCC_541\Debug\Motion_Detection.a(WaveDAC8_1_DacClk.o)
                                0x388 (size before relaxing)
 .debug_str     0x000024f4       0xac .\CortexM3\ARM_GCC_541\Debug\Motion_Detection.a(WaveDAC8_1_Wave1_DMA_dma.o)
                                0x2ca (size before relaxing)
 .debug_str     0x000025a0       0x71 .\CortexM3\ARM_GCC_541\Debug\Motion_Detection.a(WaveDAC8_1_Wave2_DMA_dma.o)
                                0x2ca (size before relaxing)
 .debug_str     0x00002611       0x7f .\CortexM3\ARM_GCC_541\Debug\Motion_Detection.a(WaveDAC8_1_VDAC8.o)
                                0x2af (size before relaxing)
 .debug_str     0x00002690      0x14c .\CortexM3\ARM_GCC_541\Debug\Motion_Detection.a(UART_1_IntClock.o)
                                0x370 (size before relaxing)
 .debug_str     0x000027dc       0x83 .\CortexM3\ARM_GCC_541\Debug\Motion_Detection.a(ADC_DelSig_1_AMux.o)
                                0x260 (size before relaxing)
 .debug_str     0x0000285f      0x184 .\CortexM3\ARM_GCC_541\Debug\Motion_Detection.a(ADC_DelSig_1_Ext_CP_Clk.o)
                                0x3d0 (size before relaxing)
 .debug_str     0x000029e3      0x1bb .\CortexM3\ARM_GCC_541\Debug\Motion_Detection.a(ADC_DelSig_1_theACLK.o)
                                0x401 (size before relaxing)
 .debug_str     0x00002b9e      0x1bb .\CortexM3\ARM_GCC_541\Debug\Motion_Detection.a(CyFlash.o)
                                0x3e2 (size before relaxing)
 .debug_str     0x00002d59       0xac .\CortexM3\ARM_GCC_541\Debug\Motion_Detection.a(CySpc.o)
                                0x35a (size before relaxing)
 .debug_str     0x00002e05      0x2bb ..\..\..\fft_application\fft_application\libfft_application.a(fft_application.o)
                                0x3d0 (size before relaxing)
 .debug_str     0x000030c0       0xe6 ..\..\..\fft_application\fft_application\libfft_application.a(arm_rfft_q31.o)
                                0x390 (size before relaxing)
 .debug_str     0x000031a6      0x132 ..\..\..\fft_application\fft_application\libfft_application.a(arm_rfft_init_q31.o)
                                0x479 (size before relaxing)
 .debug_str     0x000032d8       0xd5 ..\..\..\fft_application\fft_application\libfft_application.a(arm_cfft_q31.o)
                                0x334 (size before relaxing)
 .debug_str     0x000033ad      0x104 ..\..\..\fft_application\fft_application\libfft_application.a(arm_cfft_radix4_q31.o)
                                0x37c (size before relaxing)
 .debug_str     0x000034b1      0x987 ..\..\..\fft_application\fft_application\libfft_application.a(arm_const_structs.o)
                                0xd0d (size before relaxing)
 .debug_str     0x00003e38       0x92 ..\..\..\fft_application\fft_application\libfft_application.a(arm_common_tables.o)
                                0x6f2 (size before relaxing)

.debug_loc      0x00000000     0x5b6f
 *(.debug_loc)
 .debug_loc     0x00000000       0xe6 .\CortexM3\ARM_GCC_541\Debug\main.o
 .debug_loc     0x000000e6      0x29c .\CortexM3\ARM_GCC_541\Debug\cyfitter_cfg.o
 .debug_loc     0x00000382      0x144 .\CortexM3\ARM_GCC_541\Debug\Cm3Start.o
 .debug_loc     0x000004c6      0xb8e .\CortexM3\ARM_GCC_541\Debug\Motion_Detection.a(CyDmac.o)
 .debug_loc     0x00001054      0xa11 .\CortexM3\ARM_GCC_541\Debug\Motion_Detection.a(CyLib.o)
 .debug_loc     0x00001a65      0x1e4 .\CortexM3\ARM_GCC_541\Debug\Motion_Detection.a(cyPm.o)
 .debug_loc     0x00001c49       0x42 .\CortexM3\ARM_GCC_541\Debug\Motion_Detection.a(Red_LED.o)
 .debug_loc     0x00001c8b       0x42 .\CortexM3\ARM_GCC_541\Debug\Motion_Detection.a(Yellow_LED.o)
 .debug_loc     0x00001ccd       0x56 .\CortexM3\ARM_GCC_541\Debug\Motion_Detection.a(isr_Button.o)
 .debug_loc     0x00001d23       0x42 .\CortexM3\ARM_GCC_541\Debug\Motion_Detection.a(Green_LED.o)
 .debug_loc     0x00001d65      0x11b .\CortexM3\ARM_GCC_541\Debug\Motion_Detection.a(WaveDAC8_1.o)
 .debug_loc     0x00001e80      0x258 .\CortexM3\ARM_GCC_541\Debug\Motion_Detection.a(UART_1.o)
 .debug_loc     0x000020d8      0x681 .\CortexM3\ARM_GCC_541\Debug\Motion_Detection.a(ADC_DelSig_1.o)
 .debug_loc     0x00002759       0x56 .\CortexM3\ARM_GCC_541\Debug\Motion_Detection.a(isr_rx.o)
 .debug_loc     0x000027af      0x128 .\CortexM3\ARM_GCC_541\Debug\Motion_Detection.a(WaveDAC8_1_DacClk.o)
 .debug_loc     0x000028d7       0x84 .\CortexM3\ARM_GCC_541\Debug\Motion_Detection.a(WaveDAC8_1_Wave1_DMA_dma.o)
 .debug_loc     0x0000295b       0x84 .\CortexM3\ARM_GCC_541\Debug\Motion_Detection.a(WaveDAC8_1_Wave2_DMA_dma.o)
 .debug_loc     0x000029df       0x79 .\CortexM3\ARM_GCC_541\Debug\Motion_Detection.a(WaveDAC8_1_VDAC8.o)
 .debug_loc     0x00002a58      0x128 .\CortexM3\ARM_GCC_541\Debug\Motion_Detection.a(UART_1_IntClock.o)
 .debug_loc     0x00002b80       0x6c .\CortexM3\ARM_GCC_541\Debug\Motion_Detection.a(ADC_DelSig_1_AMux.o)
 .debug_loc     0x00002bec      0x12c .\CortexM3\ARM_GCC_541\Debug\Motion_Detection.a(ADC_DelSig_1_Ext_CP_Clk.o)
 .debug_loc     0x00002d18      0x14d .\CortexM3\ARM_GCC_541\Debug\Motion_Detection.a(ADC_DelSig_1_theACLK.o)
 .debug_loc     0x00002e65      0x3b2 .\CortexM3\ARM_GCC_541\Debug\Motion_Detection.a(CyFlash.o)
 .debug_loc     0x00003217      0x705 .\CortexM3\ARM_GCC_541\Debug\Motion_Detection.a(CySpc.o)
 .debug_loc     0x0000391c       0xa6 ..\..\..\fft_application\fft_application\libfft_application.a(fft_application.o)
 .debug_loc     0x000039c2      0x71b ..\..\..\fft_application\fft_application\libfft_application.a(arm_rfft_q31.o)
 .debug_loc     0x000040dd      0x244 ..\..\..\fft_application\fft_application\libfft_application.a(arm_rfft_init_q31.o)
 .debug_loc     0x00004321      0x4d4 ..\..\..\fft_application\fft_application\libfft_application.a(arm_cfft_q31.o)
 .debug_loc     0x000047f5     0x137a ..\..\..\fft_application\fft_application\libfft_application.a(arm_cfft_radix4_q31.o)

.debug_macinfo
 *(.debug_macinfo)

.debug_ranges   0x00000000      0xba0
 *(.debug_ranges)
 .debug_ranges  0x00000000       0x28 .\CortexM3\ARM_GCC_541\Debug\main.o
 .debug_ranges  0x00000028       0x58 .\CortexM3\ARM_GCC_541\Debug\cyfitter_cfg.o
 .debug_ranges  0x00000080       0x38 .\CortexM3\ARM_GCC_541\Debug\Cm3Start.o
 .debug_ranges  0x000000b8       0xc8 .\CortexM3\ARM_GCC_541\Debug\Motion_Detection.a(CyDmac.o)
 .debug_ranges  0x00000180      0x290 .\CortexM3\ARM_GCC_541\Debug\Motion_Detection.a(CyLib.o)
 .debug_ranges  0x00000410       0x88 .\CortexM3\ARM_GCC_541\Debug\Motion_Detection.a(cyPm.o)
 .debug_ranges  0x00000498       0x28 .\CortexM3\ARM_GCC_541\Debug\Motion_Detection.a(Red_LED.o)
 .debug_ranges  0x000004c0       0x28 .\CortexM3\ARM_GCC_541\Debug\Motion_Detection.a(Yellow_LED.o)
 .debug_ranges  0x000004e8       0x70 .\CortexM3\ARM_GCC_541\Debug\Motion_Detection.a(isr_Button.o)
 .debug_ranges  0x00000558       0x28 .\CortexM3\ARM_GCC_541\Debug\Motion_Detection.a(Green_LED.o)
 .debug_ranges  0x00000580       0x40 .\CortexM3\ARM_GCC_541\Debug\Motion_Detection.a(WaveDAC8_1.o)
 .debug_ranges  0x000005c0       0xe0 .\CortexM3\ARM_GCC_541\Debug\Motion_Detection.a(UART_1.o)
 .debug_ranges  0x000006a0       0xd8 .\CortexM3\ARM_GCC_541\Debug\Motion_Detection.a(ADC_DelSig_1.o)
 .debug_ranges  0x00000778       0x28 .\CortexM3\ARM_GCC_541\Debug\Motion_Detection.a(ADC_DelSig_1_INT.o)
 .debug_ranges  0x000007a0       0x70 .\CortexM3\ARM_GCC_541\Debug\Motion_Detection.a(isr_rx.o)
 .debug_ranges  0x00000810       0x60 .\CortexM3\ARM_GCC_541\Debug\Motion_Detection.a(WaveDAC8_1_DacClk.o)
 .debug_ranges  0x00000870       0x18 .\CortexM3\ARM_GCC_541\Debug\Motion_Detection.a(WaveDAC8_1_Wave1_DMA_dma.o)
 .debug_ranges  0x00000888       0x18 .\CortexM3\ARM_GCC_541\Debug\Motion_Detection.a(WaveDAC8_1_Wave2_DMA_dma.o)
 .debug_ranges  0x000008a0       0x48 .\CortexM3\ARM_GCC_541\Debug\Motion_Detection.a(WaveDAC8_1_VDAC8.o)
 .debug_ranges  0x000008e8       0x60 .\CortexM3\ARM_GCC_541\Debug\Motion_Detection.a(UART_1_IntClock.o)
 .debug_ranges  0x00000948       0x20 .\CortexM3\ARM_GCC_541\Debug\Motion_Detection.a(ADC_DelSig_1_AMux.o)
 .debug_ranges  0x00000968       0x60 .\CortexM3\ARM_GCC_541\Debug\Motion_Detection.a(ADC_DelSig_1_Ext_CP_Clk.o)
 .debug_ranges  0x000009c8       0x70 .\CortexM3\ARM_GCC_541\Debug\Motion_Detection.a(ADC_DelSig_1_theACLK.o)
 .debug_ranges  0x00000a38       0x78 .\CortexM3\ARM_GCC_541\Debug\Motion_Detection.a(CyFlash.o)
 .debug_ranges  0x00000ab0       0x70 .\CortexM3\ARM_GCC_541\Debug\Motion_Detection.a(CySpc.o)
 .debug_ranges  0x00000b20       0x10 ..\..\..\fft_application\fft_application\libfft_application.a(fft_application.o)
 .debug_ranges  0x00000b30       0x20 ..\..\..\fft_application\fft_application\libfft_application.a(arm_rfft_q31.o)
 .debug_ranges  0x00000b50       0x10 ..\..\..\fft_application\fft_application\libfft_application.a(arm_rfft_init_q31.o)
 .debug_ranges  0x00000b60       0x20 ..\..\..\fft_application\fft_application\libfft_application.a(arm_cfft_q31.o)
 .debug_ranges  0x00000b80       0x20 ..\..\..\fft_application\fft_application\libfft_application.a(arm_cfft_radix4_q31.o)

.comment        0x00000000       0x6e
 .comment       0x00000000       0x6e .\CortexM3\ARM_GCC_541\Debug\main.o
                                 0x6f (size before relaxing)
 .comment       0x0000006e       0x6f .\CortexM3\ARM_GCC_541\Debug\cyfitter_cfg.o
 .comment       0x0000006e       0x6f .\CortexM3\ARM_GCC_541\Debug\cymetadata.o
 .comment       0x0000006e       0x6f .\CortexM3\ARM_GCC_541\Debug\Cm3Start.o
 .comment       0x0000006e       0x6f .\CortexM3\ARM_GCC_541\Debug\Motion_Detection.a(CyDmac.o)
 .comment       0x0000006e       0x6f .\CortexM3\ARM_GCC_541\Debug\Motion_Detection.a(CyLib.o)
 .comment       0x0000006e       0x6f .\CortexM3\ARM_GCC_541\Debug\Motion_Detection.a(cyPm.o)
 .comment       0x0000006e       0x6f .\CortexM3\ARM_GCC_541\Debug\Motion_Detection.a(Red_LED.o)
 .comment       0x0000006e       0x6f .\CortexM3\ARM_GCC_541\Debug\Motion_Detection.a(Yellow_LED.o)
 .comment       0x0000006e       0x6f .\CortexM3\ARM_GCC_541\Debug\Motion_Detection.a(isr_Button.o)
 .comment       0x0000006e       0x6f .\CortexM3\ARM_GCC_541\Debug\Motion_Detection.a(Green_LED.o)
 .comment       0x0000006e       0x6f .\CortexM3\ARM_GCC_541\Debug\Motion_Detection.a(WaveDAC8_1.o)
 .comment       0x0000006e       0x6f .\CortexM3\ARM_GCC_541\Debug\Motion_Detection.a(UART_1.o)
 .comment       0x0000006e       0x6f .\CortexM3\ARM_GCC_541\Debug\Motion_Detection.a(ADC_DelSig_1.o)
 .comment       0x0000006e       0x6f .\CortexM3\ARM_GCC_541\Debug\Motion_Detection.a(ADC_DelSig_1_INT.o)
 .comment       0x0000006e       0x6f .\CortexM3\ARM_GCC_541\Debug\Motion_Detection.a(isr_rx.o)
 .comment       0x0000006e       0x6f .\CortexM3\ARM_GCC_541\Debug\Motion_Detection.a(WaveDAC8_1_DacClk.o)
 .comment       0x0000006e       0x6f .\CortexM3\ARM_GCC_541\Debug\Motion_Detection.a(WaveDAC8_1_Wave1_DMA_dma.o)
 .comment       0x0000006e       0x6f .\CortexM3\ARM_GCC_541\Debug\Motion_Detection.a(WaveDAC8_1_Wave2_DMA_dma.o)
 .comment       0x0000006e       0x6f .\CortexM3\ARM_GCC_541\Debug\Motion_Detection.a(WaveDAC8_1_VDAC8.o)
 .comment       0x0000006e       0x6f .\CortexM3\ARM_GCC_541\Debug\Motion_Detection.a(UART_1_IntClock.o)
 .comment       0x0000006e       0x6f .\CortexM3\ARM_GCC_541\Debug\Motion_Detection.a(ADC_DelSig_1_AMux.o)
 .comment       0x0000006e       0x6f .\CortexM3\ARM_GCC_541\Debug\Motion_Detection.a(ADC_DelSig_1_Ext_CP_Clk.o)
 .comment       0x0000006e       0x6f .\CortexM3\ARM_GCC_541\Debug\Motion_Detection.a(ADC_DelSig_1_theACLK.o)
 .comment       0x0000006e       0x6f .\CortexM3\ARM_GCC_541\Debug\Motion_Detection.a(CyFlash.o)
 .comment       0x0000006e       0x6f .\CortexM3\ARM_GCC_541\Debug\Motion_Detection.a(CySpc.o)
 .comment       0x0000006e       0x6f ..\..\..\fft_application\fft_application\libfft_application.a(fft_application.o)
 .comment       0x0000006e       0x6f ..\..\..\fft_application\fft_application\libfft_application.a(arm_rfft_q31.o)
 .comment       0x0000006e       0x6f ..\..\..\fft_application\fft_application\libfft_application.a(arm_rfft_init_q31.o)
 .comment       0x0000006e       0x6f ..\..\..\fft_application\fft_application\libfft_application.a(arm_cfft_q31.o)
 .comment       0x0000006e       0x6f ..\..\..\fft_application\fft_application\libfft_application.a(arm_cfft_radix4_q31.o)
 .comment       0x0000006e       0x6f ..\..\..\fft_application\fft_application\libfft_application.a(arm_const_structs.o)
 .comment       0x0000006e       0x6f ..\..\..\fft_application\fft_application\libfft_application.a(arm_common_tables.o)

.debug_weaknames
 *(.debug_weaknames)

.debug_funcnames
 *(.debug_funcnames)

.debug_typenames
 *(.debug_typenames)

.debug_varnames
 *(.debug_varnames)

.note.gnu.arm.ident
 *(.note.gnu.arm.ident)

.ARM.attributes
                0x00000000       0x29
 *(.ARM.attributes)
 .ARM.attributes
                0x00000000       0x1d c:/program files (x86)/cypress/psoc creator/4.4/psoc creator/import/gnu/arm/5.4.1/bin/../lib/gcc/arm-none-eabi/5.4.1/armv7-m/crti.o
 .ARM.attributes
                0x0000001d       0x2d c:/program files (x86)/cypress/psoc creator/4.4/psoc creator/import/gnu/arm/5.4.1/bin/../lib/gcc/arm-none-eabi/5.4.1/armv7-m/crtbegin.o
 .ARM.attributes
                0x0000004a       0x1b c:/program files (x86)/cypress/psoc creator/4.4/psoc creator/import/gnu/arm/5.4.1/bin/../lib/gcc/arm-none-eabi/5.4.1/../../../../arm-none-eabi/lib/armv7-m/crt0.o
 .ARM.attributes
                0x00000065       0x33 .\CortexM3\ARM_GCC_541\Debug\main.o
 .ARM.attributes
                0x00000098       0x33 .\CortexM3\ARM_GCC_541\Debug\cyfitter_cfg.o
 .ARM.attributes
                0x000000cb       0x33 .\CortexM3\ARM_GCC_541\Debug\cymetadata.o
 .ARM.attributes
                0x000000fe       0x33 .\CortexM3\ARM_GCC_541\Debug\Cm3Start.o
 .ARM.attributes
                0x00000131       0x33 .\CortexM3\ARM_GCC_541\Debug\Motion_Detection.a(CyDmac.o)
 .ARM.attributes
                0x00000164       0x33 .\CortexM3\ARM_GCC_541\Debug\Motion_Detection.a(CyLib.o)
 .ARM.attributes
                0x00000197       0x33 .\CortexM3\ARM_GCC_541\Debug\Motion_Detection.a(cyPm.o)
 .ARM.attributes
                0x000001ca       0x33 .\CortexM3\ARM_GCC_541\Debug\Motion_Detection.a(Red_LED.o)
 .ARM.attributes
                0x000001fd       0x33 .\CortexM3\ARM_GCC_541\Debug\Motion_Detection.a(Yellow_LED.o)
 .ARM.attributes
                0x00000230       0x33 .\CortexM3\ARM_GCC_541\Debug\Motion_Detection.a(isr_Button.o)
 .ARM.attributes
                0x00000263       0x33 .\CortexM3\ARM_GCC_541\Debug\Motion_Detection.a(Green_LED.o)
 .ARM.attributes
                0x00000296       0x33 .\CortexM3\ARM_GCC_541\Debug\Motion_Detection.a(WaveDAC8_1.o)
 .ARM.attributes
                0x000002c9       0x33 .\CortexM3\ARM_GCC_541\Debug\Motion_Detection.a(UART_1.o)
 .ARM.attributes
                0x000002fc       0x33 .\CortexM3\ARM_GCC_541\Debug\Motion_Detection.a(ADC_DelSig_1.o)
 .ARM.attributes
                0x0000032f       0x33 .\CortexM3\ARM_GCC_541\Debug\Motion_Detection.a(ADC_DelSig_1_INT.o)
 .ARM.attributes
                0x00000362       0x33 .\CortexM3\ARM_GCC_541\Debug\Motion_Detection.a(isr_rx.o)
 .ARM.attributes
                0x00000395       0x33 .\CortexM3\ARM_GCC_541\Debug\Motion_Detection.a(WaveDAC8_1_DacClk.o)
 .ARM.attributes
                0x000003c8       0x33 .\CortexM3\ARM_GCC_541\Debug\Motion_Detection.a(WaveDAC8_1_Wave1_DMA_dma.o)
 .ARM.attributes
                0x000003fb       0x33 .\CortexM3\ARM_GCC_541\Debug\Motion_Detection.a(WaveDAC8_1_Wave2_DMA_dma.o)
 .ARM.attributes
                0x0000042e       0x33 .\CortexM3\ARM_GCC_541\Debug\Motion_Detection.a(WaveDAC8_1_VDAC8.o)
 .ARM.attributes
                0x00000461       0x33 .\CortexM3\ARM_GCC_541\Debug\Motion_Detection.a(UART_1_IntClock.o)
 .ARM.attributes
                0x00000494       0x33 .\CortexM3\ARM_GCC_541\Debug\Motion_Detection.a(ADC_DelSig_1_AMux.o)
 .ARM.attributes
                0x000004c7       0x33 .\CortexM3\ARM_GCC_541\Debug\Motion_Detection.a(ADC_DelSig_1_Ext_CP_Clk.o)
 .ARM.attributes
                0x000004fa       0x33 .\CortexM3\ARM_GCC_541\Debug\Motion_Detection.a(ADC_DelSig_1_theACLK.o)
 .ARM.attributes
                0x0000052d       0x21 .\CortexM3\ARM_GCC_541\Debug\Motion_Detection.a(CyBootAsmGnu.o)
 .ARM.attributes
                0x0000054e       0x33 .\CortexM3\ARM_GCC_541\Debug\Motion_Detection.a(CyFlash.o)
 .ARM.attributes
                0x00000581       0x33 .\CortexM3\ARM_GCC_541\Debug\Motion_Detection.a(CySpc.o)
 .ARM.attributes
                0x000005b4       0x33 ..\..\..\fft_application\fft_application\libfft_application.a(fft_application.o)
 .ARM.attributes
                0x000005e7       0x33 ..\..\..\fft_application\fft_application\libfft_application.a(arm_rfft_q31.o)
 .ARM.attributes
                0x0000061a       0x33 ..\..\..\fft_application\fft_application\libfft_application.a(arm_rfft_init_q31.o)
 .ARM.attributes
                0x0000064d       0x33 ..\..\..\fft_application\fft_application\libfft_application.a(arm_cfft_q31.o)
 .ARM.attributes
                0x00000680       0x33 ..\..\..\fft_application\fft_application\libfft_application.a(arm_cfft_radix4_q31.o)
 .ARM.attributes
                0x000006b3       0x33 ..\..\..\fft_application\fft_application\libfft_application.a(arm_const_structs.o)
 .ARM.attributes
                0x000006e6       0x21 ..\..\..\fft_application\fft_application\libfft_application.a(arm_bitreversal2.o)
 .ARM.attributes
                0x00000707       0x33 ..\..\..\fft_application\fft_application\libfft_application.a(arm_common_tables.o)
 .ARM.attributes
                0x0000073a       0x1d c:/program files (x86)/cypress/psoc creator/4.4/psoc creator/import/gnu/arm/5.4.1/bin/../lib/gcc/arm-none-eabi/5.4.1/armv7-m\libgcc.a(_arm_addsubdf3.o)
 .ARM.attributes
                0x00000757       0x1d c:/program files (x86)/cypress/psoc creator/4.4/psoc creator/import/gnu/arm/5.4.1/bin/../lib/gcc/arm-none-eabi/5.4.1/armv7-m\libgcc.a(_arm_cmpdf2.o)
 .ARM.attributes
                0x00000774       0x1d c:/program files (x86)/cypress/psoc creator/4.4/psoc creator/import/gnu/arm/5.4.1/bin/../lib/gcc/arm-none-eabi/5.4.1/armv7-m\libgcc.a(_arm_addsubsf3.o)
 .ARM.attributes
                0x00000791       0x1d c:/program files (x86)/cypress/psoc creator/4.4/psoc creator/import/gnu/arm/5.4.1/bin/../lib/gcc/arm-none-eabi/5.4.1/armv7-m\libgcc.a(_arm_muldivsf3.o)
 .ARM.attributes
                0x000007ae       0x1d c:/program files (x86)/cypress/psoc creator/4.4/psoc creator/import/gnu/arm/5.4.1/bin/../lib/gcc/arm-none-eabi/5.4.1/armv7-m\libgcc.a(_arm_fixunssfsi.o)
 .ARM.attributes
                0x000007cb       0x2d c:/program files (x86)/cypress/psoc creator/4.4/psoc creator/import/gnu/arm/5.4.1/bin/../lib/gcc/arm-none-eabi/5.4.1/../../../../arm-none-eabi/lib/armv7-m\libg_nano.a(lib_a-errno.o)
 .ARM.attributes
                0x000007f8       0x2d c:/program files (x86)/cypress/psoc creator/4.4/psoc creator/import/gnu/arm/5.4.1/bin/../lib/gcc/arm-none-eabi/5.4.1/../../../../arm-none-eabi/lib/armv7-m\libg_nano.a(lib_a-exit.o)
 .ARM.attributes
                0x00000825       0x2d c:/program files (x86)/cypress/psoc creator/4.4/psoc creator/import/gnu/arm/5.4.1/bin/../lib/gcc/arm-none-eabi/5.4.1/../../../../arm-none-eabi/lib/armv7-m\libg_nano.a(lib_a-impure.o)
 .ARM.attributes
                0x00000852       0x2d c:/program files (x86)/cypress/psoc creator/4.4/psoc creator/import/gnu/arm/5.4.1/bin/../lib/gcc/arm-none-eabi/5.4.1/../../../../arm-none-eabi/lib/armv7-m\libg_nano.a(lib_a-init.o)
 .ARM.attributes
                0x0000087f       0x2d c:/program files (x86)/cypress/psoc creator/4.4/psoc creator/import/gnu/arm/5.4.1/bin/../lib/gcc/arm-none-eabi/5.4.1/../../../../arm-none-eabi/lib/armv7-m\libg_nano.a(lib_a-malloc.o)
 .ARM.attributes
                0x000008ac       0x2d c:/program files (x86)/cypress/psoc creator/4.4/psoc creator/import/gnu/arm/5.4.1/bin/../lib/gcc/arm-none-eabi/5.4.1/../../../../arm-none-eabi/lib/armv7-m\libg_nano.a(lib_a-memcpy-stub.o)
 .ARM.attributes
                0x000008d9       0x2d c:/program files (x86)/cypress/psoc creator/4.4/psoc creator/import/gnu/arm/5.4.1/bin/../lib/gcc/arm-none-eabi/5.4.1/../../../../arm-none-eabi/lib/armv7-m\libg_nano.a(lib_a-memset.o)
 .ARM.attributes
                0x00000906       0x2d c:/program files (x86)/cypress/psoc creator/4.4/psoc creator/import/gnu/arm/5.4.1/bin/../lib/gcc/arm-none-eabi/5.4.1/../../../../arm-none-eabi/lib/armv7-m\libg_nano.a(lib_a-nano-freer.o)
 .ARM.attributes
                0x00000933       0x2d c:/program files (x86)/cypress/psoc creator/4.4/psoc creator/import/gnu/arm/5.4.1/bin/../lib/gcc/arm-none-eabi/5.4.1/../../../../arm-none-eabi/lib/armv7-m\libg_nano.a(lib_a-nano-mallocr.o)
 .ARM.attributes
                0x00000960       0x2d c:/program files (x86)/cypress/psoc creator/4.4/psoc creator/import/gnu/arm/5.4.1/bin/../lib/gcc/arm-none-eabi/5.4.1/../../../../arm-none-eabi/lib/armv7-m\libg_nano.a(lib_a-sbrkr.o)
 .ARM.attributes
                0x0000098d       0x2d c:/program files (x86)/cypress/psoc creator/4.4/psoc creator/import/gnu/arm/5.4.1/bin/../lib/gcc/arm-none-eabi/5.4.1/../../../../arm-none-eabi/lib/armv7-m\libg_nano.a(lib_a-mlock.o)
 .ARM.attributes
                0x000009ba       0x2d c:/program files (x86)/cypress/psoc creator/4.4/psoc creator/import/gnu/arm/5.4.1/bin/../lib/gcc/arm-none-eabi/5.4.1/../../../../arm-none-eabi/lib/armv7-m\libg_nano.a(lib_a-reent.o)
 .ARM.attributes
                0x000009e7       0x2d c:/program files (x86)/cypress/psoc creator/4.4/psoc creator/import/gnu/arm/5.4.1/bin/../lib/gcc/arm-none-eabi/5.4.1/armv7-m/crtend.o
 .ARM.attributes
                0x00000a14       0x1d c:/program files (x86)/cypress/psoc creator/4.4/psoc creator/import/gnu/arm/5.4.1/bin/../lib/gcc/arm-none-eabi/5.4.1/armv7-m/crtn.o

/DISCARD/
 *(.note.GNU-stack)
OUTPUT(C:\Users\Asus\Desktop\HDA\Semester_2\SDHD\Lab\SDHD_Lab5\Software\Lab03_Lab04\Motion_Detection.cydsn\CortexM3\ARM_GCC_541\Debug\Motion_Detection.elf elf32-littlearm)